../Core/Src/main.c:80:7:get_day_of_week	56	static
../Core/Src/main.c:87:6:number_to_string	16	static
../Core/Src/main.c:102:7:time_to_string	16	static
../Core/Src/main.c:119:7:date_to_string	16	static
../Core/Src/main.c:133:6:delay_us	16	static
../Core/Src/main.c:142:6:get_time_wifi	16	static
../Core/Src/main.c:184:6:update_digital_clock	32	static
../Core/Src/main.c:218:5:main	8	static
../Core/Src/main.c:297:6:SystemClock_Config	64	static
../Core/Src/main.c:334:13:MX_I2C1_Init	8	static
../Core/Src/main.c:382:13:MX_TIM3_Init	40	static
../Core/Src/main.c:427:13:MX_TIM14_Init	8	static
../Core/Src/main.c:458:13:MX_TIM17_Init	8	static
../Core/Src/main.c:490:13:MX_USART1_UART_Init	8	static
../Core/Src/main.c:538:13:MX_GPIO_Init	56	static
../Core/Src/main.c:585:6:TIM_IRQHandler	8	static
../Core/Src/main.c:591:6:HAL_GPIO_EXTI_Falling_Callback	16	static
../Core/Src/main.c:602:6:HAL_GPIO_EXTI_Rising_Callback	24	static
../Core/Src/main.c:625:6:Error_Handler	8	static,ignoring_inline_asm
