00:03:32 **** Clean-only build of configuration Debug for project STM32Nucleo ****
make -j12 clean 
rm -rf ./Drivers/custom_drivers/Src/ds1307.cyclo ./Drivers/custom_drivers/Src/ds1307.d ./Drivers/custom_drivers/Src/ds1307.o ./Drivers/custom_drivers/Src/ds1307.su ./Drivers/custom_drivers/Src/esp8266_driver.cyclo ./Drivers/custom_drivers/Src/esp8266_driver.d ./Drivers/custom_drivers/Src/esp8266_driver.o ./Drivers/custom_drivers/Src/esp8266_driver.su ./Drivers/custom_drivers/Src/lcd.cyclo ./Drivers/custom_drivers/Src/lcd.d ./Drivers/custom_drivers/Src/lcd.o ./Drivers/custom_drivers/Src/lcd.su
rm -rf ./Drivers/STM32C0xx_HAL_Driver/Src/stm32c0xx_hal.cyclo ./Drivers/STM32C0xx_HAL_Driver/Src/stm32c0xx_hal.d ./Drivers/STM32C0xx_HAL_Driver/Src/stm32c0xx_hal.o ./Drivers/STM32C0xx_HAL_Driver/Src/stm32c0xx_hal.su ./Drivers/STM32C0xx_HAL_Driver/Src/stm32c0xx_hal_cortex.cyclo ./Drivers/STM32C0xx_HAL_Driver/Src/stm32c0xx_hal_cortex.d ./Drivers/STM32C0xx_HAL_Driver/Src/stm32c0xx_hal_cortex.o ./Drivers/STM32C0xx_HAL_Driver/Src/stm32c0xx_hal_cortex.su ./Drivers/STM32C0xx_HAL_Driver/Src/stm32c0xx_hal_dma.cyclo ./Drivers/STM32C0xx_HAL_Driver/Src/stm32c0xx_hal_dma.d ./Drivers/STM32C0xx_HAL_Driver/Src/stm32c0xx_hal_dma.o ./Drivers/STM32C0xx_HAL_Driver/Src/stm32c0xx_hal_dma.su ./Drivers/STM32C0xx_HAL_Driver/Src/stm32c0xx_hal_dma_ex.cyclo ./Drivers/STM32C0xx_HAL_Driver/Src/stm32c0xx_hal_dma_ex.d ./Drivers/STM32C0xx_HAL_Driver/Src/stm32c0xx_hal_dma_ex.o ./Drivers/STM32C0xx_HAL_Driver/Src/stm32c0xx_hal_dma_ex.su ./Drivers/STM32C0xx_HAL_Driver/Src/stm32c0xx_hal_exti.cyclo ./Drivers/STM32C0xx_HAL_Driver/Src/stm32c0xx_hal_exti.d ./Drivers/STM32C0xx_HAL_Driver/Src/stm32c0xx_hal_exti.o ./Drivers/STM32C0xx_HAL_Driver/Src/stm32c0xx_hal_exti.su ./Drivers/STM32C0xx_HAL_Driver/Src/stm32c0xx_hal_flash.cyclo ./Drivers/STM32C0xx_HAL_Driver/Src/stm32c0xx_hal_flash.d ./Drivers/STM32C0xx_HAL_Driver/Src/stm32c0xx_hal_flash.o ./Drivers/STM32C0xx_HAL_Driver/Src/stm32c0xx_hal_flash.su ./Drivers/STM32C0xx_HAL_Driver/Src/stm32c0xx_hal_flash_ex.cyclo ./Drivers/STM32C0xx_HAL_Driver/Src/stm32c0xx_hal_flash_ex.d ./Drivers/STM32C0xx_HAL_Driver/Src/stm32c0xx_hal_flash_ex.o ./Drivers/STM32C0xx_HAL_Driver/Src/stm32c0xx_hal_flash_ex.su ./Drivers/STM32C0xx_HAL_Driver/Src/stm32c0xx_hal_gpio.cyclo ./Drivers/STM32C0xx_HAL_Driver/Src/stm32c0xx_hal_gpio.d ./Drivers/STM32C0xx_HAL_Driver/Src/stm32c0xx_hal_gpio.o ./Drivers/STM32C0xx_HAL_Driver/Src/stm32c0xx_hal_gpio.su ./Drivers/STM32C0xx_HAL_Driver/Src/stm32c0xx_hal_i2c.cyclo ./Drivers/STM32C0xx_HAL_Driver/Src/stm32c0xx_hal_i2c.d ./Drivers/STM32C0xx_HAL_Driver/Src/stm32c0xx_hal_i2c.o ./Drivers/STM32C0xx_HAL_Driver/Src/stm32c0xx_hal_i2c.su ./Drivers/STM32C0xx_HAL_Driver/Src/stm32c0xx_hal_i2c_ex.cyclo ./Drivers/STM32C0xx_HAL_Driver/Src/stm32c0xx_hal_i2c_ex.d ./Drivers/STM32C0xx_HAL_Driver/Src/stm32c0xx_hal_i2c_ex.o ./Drivers/STM32C0xx_HAL_Driver/Src/stm32c0xx_hal_i2c_ex.su ./Drivers/STM32C0xx_HAL_Driver/Src/stm32c0xx_hal_pwr.cyclo ./Drivers/STM32C0xx_HAL_Driver/Src/stm32c0xx_hal_pwr.d ./Drivers/STM32C0xx_HAL_Driver/Src/stm32c0xx_hal_pwr.o ./Drivers/STM32C0xx_HAL_Driver/Src/stm32c0xx_hal_pwr.su ./Drivers/STM32C0xx_HAL_Driver/Src/stm32c0xx_hal_pwr_ex.cyclo ./Drivers/STM32C0xx_HAL_Driver/Src/stm32c0xx_hal_pwr_ex.d ./Drivers/STM32C0xx_HAL_Driver/Src/stm32c0xx_hal_pwr_ex.o ./Drivers/STM32C0xx_HAL_Driver/Src/stm32c0xx_hal_pwr_ex.su ./Drivers/STM32C0xx_HAL_Driver/Src/stm32c0xx_hal_rcc.cyclo ./Drivers/STM32C0xx_HAL_Driver/Src/stm32c0xx_hal_rcc.d ./Drivers/STM32C0xx_HAL_Driver/Src/stm32c0xx_hal_rcc.o ./Drivers/STM32C0xx_HAL_Driver/Src/stm32c0xx_hal_rcc.su ./Drivers/STM32C0xx_HAL_Driver/Src/stm32c0xx_hal_rcc_ex.cyclo ./Drivers/STM32C0xx_HAL_Driver/Src/stm32c0xx_hal_rcc_ex.d ./Drivers/STM32C0xx_HAL_Driver/Src/stm32c0xx_hal_rcc_ex.o ./Drivers/STM32C0xx_HAL_Driver/Src/stm32c0xx_hal_rcc_ex.su ./Drivers/STM32C0xx_HAL_Driver/Src/stm32c0xx_hal_tim.cyclo ./Drivers/STM32C0xx_HAL_Driver/Src/stm32c0xx_hal_tim.d ./Drivers/STM32C0xx_HAL_Driver/Src/stm32c0xx_hal_tim.o ./Drivers/STM32C0xx_HAL_Driver/Src/stm32c0xx_hal_tim.su ./Drivers/STM32C0xx_HAL_Driver/Src/stm32c0xx_hal_tim_ex.cyclo ./Drivers/STM32C0xx_HAL_Driver/Src/stm32c0xx_hal_tim_ex.d ./Drivers/STM32C0xx_HAL_Driver/Src/stm32c0xx_hal_tim_ex.o ./Drivers/STM32C0xx_HAL_Driver/Src/stm32c0xx_hal_tim_ex.su ./Drivers/STM32C0xx_HAL_Driver/Src/stm32c0xx_hal_uart.cyclo ./Drivers/STM32C0xx_HAL_Driver/Src/stm32c0xx_hal_uart.d ./Drivers/STM32C0xx_HAL_Driver/Src/stm32c0xx_hal_uart.o ./Drivers/STM32C0xx_HAL_Driver/Src/stm32c0xx_hal_uart.su ./Drivers/STM32C0xx_HAL_Driver/Src/stm32c0xx_hal_uart_ex.cyclo ./Drivers/STM32C0xx_HAL_Driver/Src/stm32c0xx_hal_uart_ex.d ./Drivers/STM32C0xx_HAL_Driver/Src/stm32c0xx_hal_uart_ex.o ./Drivers/STM32C0xx_HAL_Driver/Src/stm32c0xx_hal_uart_ex.su
rm -rf ./Core/Startup/startup_stm32c031c6tx.d ./Core/Startup/startup_stm32c031c6tx.o
rm -rf ./Core/Src/main.cyclo ./Core/Src/main.d ./Core/Src/main.o ./Core/Src/main.su ./Core/Src/stm32c0xx_hal_msp.cyclo ./Core/Src/stm32c0xx_hal_msp.d ./Core/Src/stm32c0xx_hal_msp.o ./Core/Src/stm32c0xx_hal_msp.su ./Core/Src/stm32c0xx_it.cyclo ./Core/Src/stm32c0xx_it.d ./Core/Src/stm32c0xx_it.o ./Core/Src/stm32c0xx_it.su ./Core/Src/sysmem.cyclo ./Core/Src/sysmem.d ./Core/Src/sysmem.o ./Core/Src/sysmem.su ./Core/Src/system_stm32c0xx.cyclo ./Core/Src/system_stm32c0xx.d ./Core/Src/system_stm32c0xx.o ./Core/Src/system_stm32c0xx.su
rm -rf default.size.stdout wifi-stm32nucleo.elf wifi-stm32nucleo.list wifi-stm32nucleo.map
 
00:03:33 **** Build of configuration Debug for project STM32Nucleo ****
make -j12 all 
arm-none-eabi-gcc "../Drivers/custom_drivers/Src/ds1307.c" -mcpu=cortex-m0plus -std=gnu11 -g3 -DDEBUG -DUSE_HAL_DRIVER -DSTM32C031xx -c -I../Core/Inc -I"/home/danie/Projects/digital-clock/STM32Nucleo/Drivers/custom_drivers" -I"/home/danie/Projects/digital-clock/STM32Nucleo/Drivers/custom_drivers/Inc" -I"/home/danie/Projects/digital-clock/STM32Nucleo/Drivers/custom_drivers/Src" -I../Drivers/STM32C0xx_HAL_Driver/Inc -I../Drivers/STM32C0xx_HAL_Driver/Inc/Legacy -I../Drivers/CMSIS/Device/ST/STM32C0xx/Include -I../Drivers/CMSIS/Include -O0 -ffunction-sections -fdata-sections -Wall -fstack-usage -fcyclomatic-complexity -MMD -MP -MF"Drivers/custom_drivers/Src/ds1307.d" -MT"Drivers/custom_drivers/Src/ds1307.o" --specs=nano.specs -mfloat-abi=soft -mthumb -o "Drivers/custom_drivers/Src/ds1307.o"
arm-none-eabi-gcc "../Drivers/custom_drivers/Src/esp8266_driver.c" -mcpu=cortex-m0plus -std=gnu11 -g3 -DDEBUG -DUSE_HAL_DRIVER -DSTM32C031xx -c -I../Core/Inc -I"/home/danie/Projects/digital-clock/STM32Nucleo/Drivers/custom_drivers" -I"/home/danie/Projects/digital-clock/STM32Nucleo/Drivers/custom_drivers/Inc" -I"/home/danie/Projects/digital-clock/STM32Nucleo/Drivers/custom_drivers/Src" -I../Drivers/STM32C0xx_HAL_Driver/Inc -I../Drivers/STM32C0xx_HAL_Driver/Inc/Legacy -I../Drivers/CMSIS/Device/ST/STM32C0xx/Include -I../Drivers/CMSIS/Include -O0 -ffunction-sections -fdata-sections -Wall -fstack-usage -fcyclomatic-complexity -MMD -MP -MF"Drivers/custom_drivers/Src/esp8266_driver.d" -MT"Drivers/custom_drivers/Src/esp8266_driver.o" --specs=nano.specs -mfloat-abi=soft -mthumb -o "Drivers/custom_drivers/Src/esp8266_driver.o"
arm-none-eabi-gcc "../Drivers/custom_drivers/Src/lcd.c" -mcpu=cortex-m0plus -std=gnu11 -g3 -DDEBUG -DUSE_HAL_DRIVER -DSTM32C031xx -c -I../Core/Inc -I"/home/danie/Projects/digital-clock/STM32Nucleo/Drivers/custom_drivers" -I"/home/danie/Projects/digital-clock/STM32Nucleo/Drivers/custom_drivers/Inc" -I"/home/danie/Projects/digital-clock/STM32Nucleo/Drivers/custom_drivers/Src" -I../Drivers/STM32C0xx_HAL_Driver/Inc -I../Drivers/STM32C0xx_HAL_Driver/Inc/Legacy -I../Drivers/CMSIS/Device/ST/STM32C0xx/Include -I../Drivers/CMSIS/Include -O0 -ffunction-sections -fdata-sections -Wall -fstack-usage -fcyclomatic-complexity -MMD -MP -MF"Drivers/custom_drivers/Src/lcd.d" -MT"Drivers/custom_drivers/Src/lcd.o" --specs=nano.specs -mfloat-abi=soft -mthumb -o "Drivers/custom_drivers/Src/lcd.o"
arm-none-eabi-gcc "../Drivers/STM32C0xx_HAL_Driver/Src/stm32c0xx_hal.c" -mcpu=cortex-m0plus -std=gnu11 -g3 -DDEBUG -DUSE_HAL_DRIVER -DSTM32C031xx -c -I../Core/Inc -I"/home/danie/Projects/digital-clock/STM32Nucleo/Drivers/custom_drivers" -I"/home/danie/Projects/digital-clock/STM32Nucleo/Drivers/custom_drivers/Inc" -I"/home/danie/Projects/digital-clock/STM32Nucleo/Drivers/custom_drivers/Src" -I../Drivers/STM32C0xx_HAL_Driver/Inc -I../Drivers/STM32C0xx_HAL_Driver/Inc/Legacy -I../Drivers/CMSIS/Device/ST/STM32C0xx/Include -I../Drivers/CMSIS/Include -O0 -ffunction-sections -fdata-sections -Wall -fstack-usage -fcyclomatic-complexity -MMD -MP -MF"Drivers/STM32C0xx_HAL_Driver/Src/stm32c0xx_hal.d" -MT"Drivers/STM32C0xx_HAL_Driver/Src/stm32c0xx_hal.o" --specs=nano.specs -mfloat-abi=soft -mthumb -o "Drivers/STM32C0xx_HAL_Driver/Src/stm32c0xx_hal.o"
arm-none-eabi-gcc "../Drivers/STM32C0xx_HAL_Driver/Src/stm32c0xx_hal_cortex.c" -mcpu=cortex-m0plus -std=gnu11 -g3 -DDEBUG -DUSE_HAL_DRIVER -DSTM32C031xx -c -I../Core/Inc -I"/home/danie/Projects/digital-clock/STM32Nucleo/Drivers/custom_drivers" -I"/home/danie/Projects/digital-clock/STM32Nucleo/Drivers/custom_drivers/Inc" -I"/home/danie/Projects/digital-clock/STM32Nucleo/Drivers/custom_drivers/Src" -I../Drivers/STM32C0xx_HAL_Driver/Inc -I../Drivers/STM32C0xx_HAL_Driver/Inc/Legacy -I../Drivers/CMSIS/Device/ST/STM32C0xx/Include -I../Drivers/CMSIS/Include -O0 -ffunction-sections -fdata-sections -Wall -fstack-usage -fcyclomatic-complexity -MMD -MP -MF"Drivers/STM32C0xx_HAL_Driver/Src/stm32c0xx_hal_cortex.d" -MT"Drivers/STM32C0xx_HAL_Driver/Src/stm32c0xx_hal_cortex.o" --specs=nano.specs -mfloat-abi=soft -mthumb -o "Drivers/STM32C0xx_HAL_Driver/Src/stm32c0xx_hal_cortex.o"
arm-none-eabi-gcc "../Drivers/STM32C0xx_HAL_Driver/Src/stm32c0xx_hal_dma.c" -mcpu=cortex-m0plus -std=gnu11 -g3 -DDEBUG -DUSE_HAL_DRIVER -DSTM32C031xx -c -I../Core/Inc -I"/home/danie/Projects/digital-clock/STM32Nucleo/Drivers/custom_drivers" -I"/home/danie/Projects/digital-clock/STM32Nucleo/Drivers/custom_drivers/Inc" -I"/home/danie/Projects/digital-clock/STM32Nucleo/Drivers/custom_drivers/Src" -I../Drivers/STM32C0xx_HAL_Driver/Inc -I../Drivers/STM32C0xx_HAL_Driver/Inc/Legacy -I../Drivers/CMSIS/Device/ST/STM32C0xx/Include -I../Drivers/CMSIS/Include -O0 -ffunction-sections -fdata-sections -Wall -fstack-usage -fcyclomatic-complexity -MMD -MP -MF"Drivers/STM32C0xx_HAL_Driver/Src/stm32c0xx_hal_dma.d" -MT"Drivers/STM32C0xx_HAL_Driver/Src/stm32c0xx_hal_dma.o" --specs=nano.specs -mfloat-abi=soft -mthumb -o "Drivers/STM32C0xx_HAL_Driver/Src/stm32c0xx_hal_dma.o"
arm-none-eabi-gcc "../Drivers/STM32C0xx_HAL_Driver/Src/stm32c0xx_hal_dma_ex.c" -mcpu=cortex-m0plus -std=gnu11 -g3 -DDEBUG -DUSE_HAL_DRIVER -DSTM32C031xx -c -I../Core/Inc -I"/home/danie/Projects/digital-clock/STM32Nucleo/Drivers/custom_drivers" -I"/home/danie/Projects/digital-clock/STM32Nucleo/Drivers/custom_drivers/Inc" -I"/home/danie/Projects/digital-clock/STM32Nucleo/Drivers/custom_drivers/Src" -I../Drivers/STM32C0xx_HAL_Driver/Inc -I../Drivers/STM32C0xx_HAL_Driver/Inc/Legacy -I../Drivers/CMSIS/Device/ST/STM32C0xx/Include -I../Drivers/CMSIS/Include -O0 -ffunction-sections -fdata-sections -Wall -fstack-usage -fcyclomatic-complexity -MMD -MP -MF"Drivers/STM32C0xx_HAL_Driver/Src/stm32c0xx_hal_dma_ex.d" -MT"Drivers/STM32C0xx_HAL_Driver/Src/stm32c0xx_hal_dma_ex.o" --specs=nano.specs -mfloat-abi=soft -mthumb -o "Drivers/STM32C0xx_HAL_Driver/Src/stm32c0xx_hal_dma_ex.o"
arm-none-eabi-gcc "../Drivers/STM32C0xx_HAL_Driver/Src/stm32c0xx_hal_exti.c" -mcpu=cortex-m0plus -std=gnu11 -g3 -DDEBUG -DUSE_HAL_DRIVER -DSTM32C031xx -c -I../Core/Inc -I"/home/danie/Projects/digital-clock/STM32Nucleo/Drivers/custom_drivers" -I"/home/danie/Projects/digital-clock/STM32Nucleo/Drivers/custom_drivers/Inc" -I"/home/danie/Projects/digital-clock/STM32Nucleo/Drivers/custom_drivers/Src" -I../Drivers/STM32C0xx_HAL_Driver/Inc -I../Drivers/STM32C0xx_HAL_Driver/Inc/Legacy -I../Drivers/CMSIS/Device/ST/STM32C0xx/Include -I../Drivers/CMSIS/Include -O0 -ffunction-sections -fdata-sections -Wall -fstack-usage -fcyclomatic-complexity -MMD -MP -MF"Drivers/STM32C0xx_HAL_Driver/Src/stm32c0xx_hal_exti.d" -MT"Drivers/STM32C0xx_HAL_Driver/Src/stm32c0xx_hal_exti.o" --specs=nano.specs -mfloat-abi=soft -mthumb -o "Drivers/STM32C0xx_HAL_Driver/Src/stm32c0xx_hal_exti.o"
arm-none-eabi-gcc "../Drivers/STM32C0xx_HAL_Driver/Src/stm32c0xx_hal_flash.c" -mcpu=cortex-m0plus -std=gnu11 -g3 -DDEBUG -DUSE_HAL_DRIVER -DSTM32C031xx -c -I../Core/Inc -I"/home/danie/Projects/digital-clock/STM32Nucleo/Drivers/custom_drivers" -I"/home/danie/Projects/digital-clock/STM32Nucleo/Drivers/custom_drivers/Inc" -I"/home/danie/Projects/digital-clock/STM32Nucleo/Drivers/custom_drivers/Src" -I../Drivers/STM32C0xx_HAL_Driver/Inc -I../Drivers/STM32C0xx_HAL_Driver/Inc/Legacy -I../Drivers/CMSIS/Device/ST/STM32C0xx/Include -I../Drivers/CMSIS/Include -O0 -ffunction-sections -fdata-sections -Wall -fstack-usage -fcyclomatic-complexity -MMD -MP -MF"Drivers/STM32C0xx_HAL_Driver/Src/stm32c0xx_hal_flash.d" -MT"Drivers/STM32C0xx_HAL_Driver/Src/stm32c0xx_hal_flash.o" --specs=nano.specs -mfloat-abi=soft -mthumb -o "Drivers/STM32C0xx_HAL_Driver/Src/stm32c0xx_hal_flash.o"
arm-none-eabi-gcc "../Drivers/STM32C0xx_HAL_Driver/Src/stm32c0xx_hal_flash_ex.c" -mcpu=cortex-m0plus -std=gnu11 -g3 -DDEBUG -DUSE_HAL_DRIVER -DSTM32C031xx -c -I../Core/Inc -I"/home/danie/Projects/digital-clock/STM32Nucleo/Drivers/custom_drivers" -I"/home/danie/Projects/digital-clock/STM32Nucleo/Drivers/custom_drivers/Inc" -I"/home/danie/Projects/digital-clock/STM32Nucleo/Drivers/custom_drivers/Src" -I../Drivers/STM32C0xx_HAL_Driver/Inc -I../Drivers/STM32C0xx_HAL_Driver/Inc/Legacy -I../Drivers/CMSIS/Device/ST/STM32C0xx/Include -I../Drivers/CMSIS/Include -O0 -ffunction-sections -fdata-sections -Wall -fstack-usage -fcyclomatic-complexity -MMD -MP -MF"Drivers/STM32C0xx_HAL_Driver/Src/stm32c0xx_hal_flash_ex.d" -MT"Drivers/STM32C0xx_HAL_Driver/Src/stm32c0xx_hal_flash_ex.o" --specs=nano.specs -mfloat-abi=soft -mthumb -o "Drivers/STM32C0xx_HAL_Driver/Src/stm32c0xx_hal_flash_ex.o"
arm-none-eabi-gcc "../Drivers/STM32C0xx_HAL_Driver/Src/stm32c0xx_hal_gpio.c" -mcpu=cortex-m0plus -std=gnu11 -g3 -DDEBUG -DUSE_HAL_DRIVER -DSTM32C031xx -c -I../Core/Inc -I"/home/danie/Projects/digital-clock/STM32Nucleo/Drivers/custom_drivers" -I"/home/danie/Projects/digital-clock/STM32Nucleo/Drivers/custom_drivers/Inc" -I"/home/danie/Projects/digital-clock/STM32Nucleo/Drivers/custom_drivers/Src" -I../Drivers/STM32C0xx_HAL_Driver/Inc -I../Drivers/STM32C0xx_HAL_Driver/Inc/Legacy -I../Drivers/CMSIS/Device/ST/STM32C0xx/Include -I../Drivers/CMSIS/Include -O0 -ffunction-sections -fdata-sections -Wall -fstack-usage -fcyclomatic-complexity -MMD -MP -MF"Drivers/STM32C0xx_HAL_Driver/Src/stm32c0xx_hal_gpio.d" -MT"Drivers/STM32C0xx_HAL_Driver/Src/stm32c0xx_hal_gpio.o" --specs=nano.specs -mfloat-abi=soft -mthumb -o "Drivers/STM32C0xx_HAL_Driver/Src/stm32c0xx_hal_gpio.o"
arm-none-eabi-gcc "../Drivers/STM32C0xx_HAL_Driver/Src/stm32c0xx_hal_i2c.c" -mcpu=cortex-m0plus -std=gnu11 -g3 -DDEBUG -DUSE_HAL_DRIVER -DSTM32C031xx -c -I../Core/Inc -I"/home/danie/Projects/digital-clock/STM32Nucleo/Drivers/custom_drivers" -I"/home/danie/Projects/digital-clock/STM32Nucleo/Drivers/custom_drivers/Inc" -I"/home/danie/Projects/digital-clock/STM32Nucleo/Drivers/custom_drivers/Src" -I../Drivers/STM32C0xx_HAL_Driver/Inc -I../Drivers/STM32C0xx_HAL_Driver/Inc/Legacy -I../Drivers/CMSIS/Device/ST/STM32C0xx/Include -I../Drivers/CMSIS/Include -O0 -ffunction-sections -fdata-sections -Wall -fstack-usage -fcyclomatic-complexity -MMD -MP -MF"Drivers/STM32C0xx_HAL_Driver/Src/stm32c0xx_hal_i2c.d" -MT"Drivers/STM32C0xx_HAL_Driver/Src/stm32c0xx_hal_i2c.o" --specs=nano.specs -mfloat-abi=soft -mthumb -o "Drivers/STM32C0xx_HAL_Driver/Src/stm32c0xx_hal_i2c.o"
arm-none-eabi-gcc "../Drivers/STM32C0xx_HAL_Driver/Src/stm32c0xx_hal_i2c_ex.c" -mcpu=cortex-m0plus -std=gnu11 -g3 -DDEBUG -DUSE_HAL_DRIVER -DSTM32C031xx -c -I../Core/Inc -I"/home/danie/Projects/digital-clock/STM32Nucleo/Drivers/custom_drivers" -I"/home/danie/Projects/digital-clock/STM32Nucleo/Drivers/custom_drivers/Inc" -I"/home/danie/Projects/digital-clock/STM32Nucleo/Drivers/custom_drivers/Src" -I../Drivers/STM32C0xx_HAL_Driver/Inc -I../Drivers/STM32C0xx_HAL_Driver/Inc/Legacy -I../Drivers/CMSIS/Device/ST/STM32C0xx/Include -I../Drivers/CMSIS/Include -O0 -ffunction-sections -fdata-sections -Wall -fstack-usage -fcyclomatic-complexity -MMD -MP -MF"Drivers/STM32C0xx_HAL_Driver/Src/stm32c0xx_hal_i2c_ex.d" -MT"Drivers/STM32C0xx_HAL_Driver/Src/stm32c0xx_hal_i2c_ex.o" --specs=nano.specs -mfloat-abi=soft -mthumb -o "Drivers/STM32C0xx_HAL_Driver/Src/stm32c0xx_hal_i2c_ex.o"
arm-none-eabi-gcc "../Drivers/STM32C0xx_HAL_Driver/Src/stm32c0xx_hal_pwr.c" -mcpu=cortex-m0plus -std=gnu11 -g3 -DDEBUG -DUSE_HAL_DRIVER -DSTM32C031xx -c -I../Core/Inc -I"/home/danie/Projects/digital-clock/STM32Nucleo/Drivers/custom_drivers" -I"/home/danie/Projects/digital-clock/STM32Nucleo/Drivers/custom_drivers/Inc" -I"/home/danie/Projects/digital-clock/STM32Nucleo/Drivers/custom_drivers/Src" -I../Drivers/STM32C0xx_HAL_Driver/Inc -I../Drivers/STM32C0xx_HAL_Driver/Inc/Legacy -I../Drivers/CMSIS/Device/ST/STM32C0xx/Include -I../Drivers/CMSIS/Include -O0 -ffunction-sections -fdata-sections -Wall -fstack-usage -fcyclomatic-complexity -MMD -MP -MF"Drivers/STM32C0xx_HAL_Driver/Src/stm32c0xx_hal_pwr.d" -MT"Drivers/STM32C0xx_HAL_Driver/Src/stm32c0xx_hal_pwr.o" --specs=nano.specs -mfloat-abi=soft -mthumb -o "Drivers/STM32C0xx_HAL_Driver/Src/stm32c0xx_hal_pwr.o"
arm-none-eabi-gcc "../Drivers/STM32C0xx_HAL_Driver/Src/stm32c0xx_hal_pwr_ex.c" -mcpu=cortex-m0plus -std=gnu11 -g3 -DDEBUG -DUSE_HAL_DRIVER -DSTM32C031xx -c -I../Core/Inc -I"/home/danie/Projects/digital-clock/STM32Nucleo/Drivers/custom_drivers" -I"/home/danie/Projects/digital-clock/STM32Nucleo/Drivers/custom_drivers/Inc" -I"/home/danie/Projects/digital-clock/STM32Nucleo/Drivers/custom_drivers/Src" -I../Drivers/STM32C0xx_HAL_Driver/Inc -I../Drivers/STM32C0xx_HAL_Driver/Inc/Legacy -I../Drivers/CMSIS/Device/ST/STM32C0xx/Include -I../Drivers/CMSIS/Include -O0 -ffunction-sections -fdata-sections -Wall -fstack-usage -fcyclomatic-complexity -MMD -MP -MF"Drivers/STM32C0xx_HAL_Driver/Src/stm32c0xx_hal_pwr_ex.d" -MT"Drivers/STM32C0xx_HAL_Driver/Src/stm32c0xx_hal_pwr_ex.o" --specs=nano.specs -mfloat-abi=soft -mthumb -o "Drivers/STM32C0xx_HAL_Driver/Src/stm32c0xx_hal_pwr_ex.o"
arm-none-eabi-gcc "../Drivers/STM32C0xx_HAL_Driver/Src/stm32c0xx_hal_rcc.c" -mcpu=cortex-m0plus -std=gnu11 -g3 -DDEBUG -DUSE_HAL_DRIVER -DSTM32C031xx -c -I../Core/Inc -I"/home/danie/Projects/digital-clock/STM32Nucleo/Drivers/custom_drivers" -I"/home/danie/Projects/digital-clock/STM32Nucleo/Drivers/custom_drivers/Inc" -I"/home/danie/Projects/digital-clock/STM32Nucleo/Drivers/custom_drivers/Src" -I../Drivers/STM32C0xx_HAL_Driver/Inc -I../Drivers/STM32C0xx_HAL_Driver/Inc/Legacy -I../Drivers/CMSIS/Device/ST/STM32C0xx/Include -I../Drivers/CMSIS/Include -O0 -ffunction-sections -fdata-sections -Wall -fstack-usage -fcyclomatic-complexity -MMD -MP -MF"Drivers/STM32C0xx_HAL_Driver/Src/stm32c0xx_hal_rcc.d" -MT"Drivers/STM32C0xx_HAL_Driver/Src/stm32c0xx_hal_rcc.o" --specs=nano.specs -mfloat-abi=soft -mthumb -o "Drivers/STM32C0xx_HAL_Driver/Src/stm32c0xx_hal_rcc.o"
arm-none-eabi-gcc "../Drivers/STM32C0xx_HAL_Driver/Src/stm32c0xx_hal_rcc_ex.c" -mcpu=cortex-m0plus -std=gnu11 -g3 -DDEBUG -DUSE_HAL_DRIVER -DSTM32C031xx -c -I../Core/Inc -I"/home/danie/Projects/digital-clock/STM32Nucleo/Drivers/custom_drivers" -I"/home/danie/Projects/digital-clock/STM32Nucleo/Drivers/custom_drivers/Inc" -I"/home/danie/Projects/digital-clock/STM32Nucleo/Drivers/custom_drivers/Src" -I../Drivers/STM32C0xx_HAL_Driver/Inc -I../Drivers/STM32C0xx_HAL_Driver/Inc/Legacy -I../Drivers/CMSIS/Device/ST/STM32C0xx/Include -I../Drivers/CMSIS/Include -O0 -ffunction-sections -fdata-sections -Wall -fstack-usage -fcyclomatic-complexity -MMD -MP -MF"Drivers/STM32C0xx_HAL_Driver/Src/stm32c0xx_hal_rcc_ex.d" -MT"Drivers/STM32C0xx_HAL_Driver/Src/stm32c0xx_hal_rcc_ex.o" --specs=nano.specs -mfloat-abi=soft -mthumb -o "Drivers/STM32C0xx_HAL_Driver/Src/stm32c0xx_hal_rcc_ex.o"
arm-none-eabi-gcc "../Drivers/STM32C0xx_HAL_Driver/Src/stm32c0xx_hal_tim.c" -mcpu=cortex-m0plus -std=gnu11 -g3 -DDEBUG -DUSE_HAL_DRIVER -DSTM32C031xx -c -I../Core/Inc -I"/home/danie/Projects/digital-clock/STM32Nucleo/Drivers/custom_drivers" -I"/home/danie/Projects/digital-clock/STM32Nucleo/Drivers/custom_drivers/Inc" -I"/home/danie/Projects/digital-clock/STM32Nucleo/Drivers/custom_drivers/Src" -I../Drivers/STM32C0xx_HAL_Driver/Inc -I../Drivers/STM32C0xx_HAL_Driver/Inc/Legacy -I../Drivers/CMSIS/Device/ST/STM32C0xx/Include -I../Drivers/CMSIS/Include -O0 -ffunction-sections -fdata-sections -Wall -fstack-usage -fcyclomatic-complexity -MMD -MP -MF"Drivers/STM32C0xx_HAL_Driver/Src/stm32c0xx_hal_tim.d" -MT"Drivers/STM32C0xx_HAL_Driver/Src/stm32c0xx_hal_tim.o" --specs=nano.specs -mfloat-abi=soft -mthumb -o "Drivers/STM32C0xx_HAL_Driver/Src/stm32c0xx_hal_tim.o"
arm-none-eabi-gcc "../Drivers/STM32C0xx_HAL_Driver/Src/stm32c0xx_hal_tim_ex.c" -mcpu=cortex-m0plus -std=gnu11 -g3 -DDEBUG -DUSE_HAL_DRIVER -DSTM32C031xx -c -I../Core/Inc -I"/home/danie/Projects/digital-clock/STM32Nucleo/Drivers/custom_drivers" -I"/home/danie/Projects/digital-clock/STM32Nucleo/Drivers/custom_drivers/Inc" -I"/home/danie/Projects/digital-clock/STM32Nucleo/Drivers/custom_drivers/Src" -I../Drivers/STM32C0xx_HAL_Driver/Inc -I../Drivers/STM32C0xx_HAL_Driver/Inc/Legacy -I../Drivers/CMSIS/Device/ST/STM32C0xx/Include -I../Drivers/CMSIS/Include -O0 -ffunction-sections -fdata-sections -Wall -fstack-usage -fcyclomatic-complexity -MMD -MP -MF"Drivers/STM32C0xx_HAL_Driver/Src/stm32c0xx_hal_tim_ex.d" -MT"Drivers/STM32C0xx_HAL_Driver/Src/stm32c0xx_hal_tim_ex.o" --specs=nano.specs -mfloat-abi=soft -mthumb -o "Drivers/STM32C0xx_HAL_Driver/Src/stm32c0xx_hal_tim_ex.o"
arm-none-eabi-gcc "../Drivers/STM32C0xx_HAL_Driver/Src/stm32c0xx_hal_uart.c" -mcpu=cortex-m0plus -std=gnu11 -g3 -DDEBUG -DUSE_HAL_DRIVER -DSTM32C031xx -c -I../Core/Inc -I"/home/danie/Projects/digital-clock/STM32Nucleo/Drivers/custom_drivers" -I"/home/danie/Projects/digital-clock/STM32Nucleo/Drivers/custom_drivers/Inc" -I"/home/danie/Projects/digital-clock/STM32Nucleo/Drivers/custom_drivers/Src" -I../Drivers/STM32C0xx_HAL_Driver/Inc -I../Drivers/STM32C0xx_HAL_Driver/Inc/Legacy -I../Drivers/CMSIS/Device/ST/STM32C0xx/Include -I../Drivers/CMSIS/Include -O0 -ffunction-sections -fdata-sections -Wall -fstack-usage -fcyclomatic-complexity -MMD -MP -MF"Drivers/STM32C0xx_HAL_Driver/Src/stm32c0xx_hal_uart.d" -MT"Drivers/STM32C0xx_HAL_Driver/Src/stm32c0xx_hal_uart.o" --specs=nano.specs -mfloat-abi=soft -mthumb -o "Drivers/STM32C0xx_HAL_Driver/Src/stm32c0xx_hal_uart.o"
arm-none-eabi-gcc "../Drivers/STM32C0xx_HAL_Driver/Src/stm32c0xx_hal_uart_ex.c" -mcpu=cortex-m0plus -std=gnu11 -g3 -DDEBUG -DUSE_HAL_DRIVER -DSTM32C031xx -c -I../Core/Inc -I"/home/danie/Projects/digital-clock/STM32Nucleo/Drivers/custom_drivers" -I"/home/danie/Projects/digital-clock/STM32Nucleo/Drivers/custom_drivers/Inc" -I"/home/danie/Projects/digital-clock/STM32Nucleo/Drivers/custom_drivers/Src" -I../Drivers/STM32C0xx_HAL_Driver/Inc -I../Drivers/STM32C0xx_HAL_Driver/Inc/Legacy -I../Drivers/CMSIS/Device/ST/STM32C0xx/Include -I../Drivers/CMSIS/Include -O0 -ffunction-sections -fdata-sections -Wall -fstack-usage -fcyclomatic-complexity -MMD -MP -MF"Drivers/STM32C0xx_HAL_Driver/Src/stm32c0xx_hal_uart_ex.d" -MT"Drivers/STM32C0xx_HAL_Driver/Src/stm32c0xx_hal_uart_ex.o" --specs=nano.specs -mfloat-abi=soft -mthumb -o "Drivers/STM32C0xx_HAL_Driver/Src/stm32c0xx_hal_uart_ex.o"
arm-none-eabi-gcc -mcpu=cortex-m0plus -g3 -DDEBUG -c -x assembler-with-cpp -MMD -MP -MF"Core/Startup/startup_stm32c031c6tx.d" -MT"Core/Startup/startup_stm32c031c6tx.o" --specs=nano.specs -mfloat-abi=soft -mthumb -o "Core/Startup/startup_stm32c031c6tx.o" "../Core/Startup/startup_stm32c031c6tx.s"
arm-none-eabi-gcc "../Core/Src/main.c" -mcpu=cortex-m0plus -std=gnu11 -g3 -DDEBUG -DUSE_HAL_DRIVER -DSTM32C031xx -c -I../Core/Inc -I"/home/danie/Projects/digital-clock/STM32Nucleo/Drivers/custom_drivers" -I"/home/danie/Projects/digital-clock/STM32Nucleo/Drivers/custom_drivers/Inc" -I"/home/danie/Projects/digital-clock/STM32Nucleo/Drivers/custom_drivers/Src" -I../Drivers/STM32C0xx_HAL_Driver/Inc -I../Drivers/STM32C0xx_HAL_Driver/Inc/Legacy -I../Drivers/CMSIS/Device/ST/STM32C0xx/Include -I../Drivers/CMSIS/Include -O0 -ffunction-sections -fdata-sections -Wall -fstack-usage -fcyclomatic-complexity -MMD -MP -MF"Core/Src/main.d" -MT"Core/Src/main.o" --specs=nano.specs -mfloat-abi=soft -mthumb -o "Core/Src/main.o"
arm-none-eabi-gcc "../Core/Src/stm32c0xx_hal_msp.c" -mcpu=cortex-m0plus -std=gnu11 -g3 -DDEBUG -DUSE_HAL_DRIVER -DSTM32C031xx -c -I../Core/Inc -I"/home/danie/Projects/digital-clock/STM32Nucleo/Drivers/custom_drivers" -I"/home/danie/Projects/digital-clock/STM32Nucleo/Drivers/custom_drivers/Inc" -I"/home/danie/Projects/digital-clock/STM32Nucleo/Drivers/custom_drivers/Src" -I../Drivers/STM32C0xx_HAL_Driver/Inc -I../Drivers/STM32C0xx_HAL_Driver/Inc/Legacy -I../Drivers/CMSIS/Device/ST/STM32C0xx/Include -I../Drivers/CMSIS/Include -O0 -ffunction-sections -fdata-sections -Wall -fstack-usage -fcyclomatic-complexity -MMD -MP -MF"Core/Src/stm32c0xx_hal_msp.d" -MT"Core/Src/stm32c0xx_hal_msp.o" --specs=nano.specs -mfloat-abi=soft -mthumb -o "Core/Src/stm32c0xx_hal_msp.o"
arm-none-eabi-gcc "../Core/Src/stm32c0xx_it.c" -mcpu=cortex-m0plus -std=gnu11 -g3 -DDEBUG -DUSE_HAL_DRIVER -DSTM32C031xx -c -I../Core/Inc -I"/home/danie/Projects/digital-clock/STM32Nucleo/Drivers/custom_drivers" -I"/home/danie/Projects/digital-clock/STM32Nucleo/Drivers/custom_drivers/Inc" -I"/home/danie/Projects/digital-clock/STM32Nucleo/Drivers/custom_drivers/Src" -I../Drivers/STM32C0xx_HAL_Driver/Inc -I../Drivers/STM32C0xx_HAL_Driver/Inc/Legacy -I../Drivers/CMSIS/Device/ST/STM32C0xx/Include -I../Drivers/CMSIS/Include -O0 -ffunction-sections -fdata-sections -Wall -fstack-usage -fcyclomatic-complexity -MMD -MP -MF"Core/Src/stm32c0xx_it.d" -MT"Core/Src/stm32c0xx_it.o" --specs=nano.specs -mfloat-abi=soft -mthumb -o "Core/Src/stm32c0xx_it.o"
arm-none-eabi-gcc "../Core/Src/sysmem.c" -mcpu=cortex-m0plus -std=gnu11 -g3 -DDEBUG -DUSE_HAL_DRIVER -DSTM32C031xx -c -I../Core/Inc -I"/home/danie/Projects/digital-clock/STM32Nucleo/Drivers/custom_drivers" -I"/home/danie/Projects/digital-clock/STM32Nucleo/Drivers/custom_drivers/Inc" -I"/home/danie/Projects/digital-clock/STM32Nucleo/Drivers/custom_drivers/Src" -I../Drivers/STM32C0xx_HAL_Driver/Inc -I../Drivers/STM32C0xx_HAL_Driver/Inc/Legacy -I../Drivers/CMSIS/Device/ST/STM32C0xx/Include -I../Drivers/CMSIS/Include -O0 -ffunction-sections -fdata-sections -Wall -fstack-usage -fcyclomatic-complexity -MMD -MP -MF"Core/Src/sysmem.d" -MT"Core/Src/sysmem.o" --specs=nano.specs -mfloat-abi=soft -mthumb -o "Core/Src/sysmem.o"
arm-none-eabi-gcc "../Core/Src/system_stm32c0xx.c" -mcpu=cortex-m0plus -std=gnu11 -g3 -DDEBUG -DUSE_HAL_DRIVER -DSTM32C031xx -c -I../Core/Inc -I"/home/danie/Projects/digital-clock/STM32Nucleo/Drivers/custom_drivers" -I"/home/danie/Projects/digital-clock/STM32Nucleo/Drivers/custom_drivers/Inc" -I"/home/danie/Projects/digital-clock/STM32Nucleo/Drivers/custom_drivers/Src" -I../Drivers/STM32C0xx_HAL_Driver/Inc -I../Drivers/STM32C0xx_HAL_Driver/Inc/Legacy -I../Drivers/CMSIS/Device/ST/STM32C0xx/Include -I../Drivers/CMSIS/Include -O0 -ffunction-sections -fdata-sections -Wall -fstack-usage -fcyclomatic-complexity -MMD -MP -MF"Core/Src/system_stm32c0xx.d" -MT"Core/Src/system_stm32c0xx.o" --specs=nano.specs -mfloat-abi=soft -mthumb -o "Core/Src/system_stm32c0xx.o"
arm-none-eabi-gcc -o "STM32Nucleo.elf" @"objects.list"   -mcpu=cortex-m0plus -T"/home/danie/Projects/digital-clock/STM32Nucleo/STM32C031C6TX_FLASH.ld" --specs=nosys.specs -Wl,-Map="STM32Nucleo.map" -Wl,--gc-sections -static -specs=rdimon.specs -lc -lrdimon --specs=nano.specs -mfloat-abi=soft -mthumb -Wl,--start-group -lc -lm -Wl,--end-group
Finished building target: STM32Nucleo.elf
 
arm-none-eabi-size  STM32Nucleo.elf 
arm-none-eabi-objdump -h -S STM32Nucleo.elf  > "STM32Nucleo.list"
   text	   data	    bss	    dec	    hex	filename
  16796	     12	   1988	  18796	   496c	STM32Nucleo.elf
Finished building: default.size.stdout
 
Finished building: STM32Nucleo.list
 
00:03:45 **** Incremental Build of configuration Debug for project STM32Nucleo ****
make -j12 all 
arm-none-eabi-gcc "../Core/Src/main.c" -mcpu=cortex-m0plus -std=gnu11 -g3 -DDEBUG -DUSE_HAL_DRIVER -DSTM32C031xx -c -I../Core/Inc -I"/home/danie/Projects/digital-clock/STM32Nucleo/Drivers/custom_drivers" -I"/home/danie/Projects/digital-clock/STM32Nucleo/Drivers/custom_drivers/Inc" -I"/home/danie/Projects/digital-clock/STM32Nucleo/Drivers/custom_drivers/Src" -I../Drivers/STM32C0xx_HAL_Driver/Inc -I../Drivers/STM32C0xx_HAL_Driver/Inc/Legacy -I../Drivers/CMSIS/Device/ST/STM32C0xx/Include -I../Drivers/CMSIS/Include -O0 -ffunction-sections -fdata-sections -Wall -fstack-usage -fcyclomatic-complexity -MMD -MP -MF"Core/Src/main.d" -MT"Core/Src/main.o" --specs=nano.specs -mfloat-abi=soft -mthumb -o "Core/Src/main.o"
../Core/Src/main.c: In function 'main':
../Core/Src/main.c:241:24: error: expected ';' before 'HAL_Delay'
  241 |         get_time_wifi()
      |                        ^
      |                        ;
......
  245 |         HAL_Delay(2000);
      |         ~~~~~~~~~       
make: *** [Core/Src/subdir.mk:31: Core/Src/main.o] Error 1
"make -j12 all" terminated with exit code 2. Build might be incomplete.
00:03:51 **** Incremental Build of configuration Debug for project STM32Nucleo ****
make -j12 all 
arm-none-eabi-gcc "../Core/Src/main.c" -mcpu=cortex-m0plus -std=gnu11 -g3 -DDEBUG -DUSE_HAL_DRIVER -DSTM32C031xx -c -I../Core/Inc -I"/home/danie/Projects/digital-clock/STM32Nucleo/Drivers/custom_drivers" -I"/home/danie/Projects/digital-clock/STM32Nucleo/Drivers/custom_drivers/Inc" -I"/home/danie/Projects/digital-clock/STM32Nucleo/Drivers/custom_drivers/Src" -I../Drivers/STM32C0xx_HAL_Driver/Inc -I../Drivers/STM32C0xx_HAL_Driver/Inc/Legacy -I../Drivers/CMSIS/Device/ST/STM32C0xx/Include -I../Drivers/CMSIS/Include -O0 -ffunction-sections -fdata-sections -Wall -fstack-usage -fcyclomatic-complexity -MMD -MP -MF"Core/Src/main.d" -MT"Core/Src/main.o" --specs=nano.specs -mfloat-abi=soft -mthumb -o "Core/Src/main.o"
arm-none-eabi-gcc -o "STM32Nucleo.elf" @"objects.list"   -mcpu=cortex-m0plus -T"/home/danie/Projects/digital-clock/STM32Nucleo/STM32C031C6TX_FLASH.ld" --specs=nosys.specs -Wl,-Map="STM32Nucleo.map" -Wl,--gc-sections -static -specs=rdimon.specs -lc -lrdimon --specs=nano.specs -mfloat-abi=soft -mthumb -Wl,--start-group -lc -lm -Wl,--end-group
Finished building target: STM32Nucleo.elf
 
arm-none-eabi-size  STM32Nucleo.elf 
arm-none-eabi-objdump -h -S STM32Nucleo.elf  > "STM32Nucleo.list"
   text	   data	    bss	    dec	    hex	filename
  23284	     92	   2316	  25692	   645c	STM32Nucleo.elf
Finished building: default.size.stdout
 
Finished building: STM32Nucleo.list
 
00:03:55 **** Incremental Build of configuration Debug for project STM32Nucleo ****
make -j12 all 
arm-none-eabi-size  STM32Nucleo.elf 
   text	   data	    bss	    dec	    hex	filename
  23284	     92	   2316	  25692	   645c	STM32Nucleo.elf
Finished building: default.size.stdout
 
00:04:00 **** Incremental Build of configuration Debug for project STM32Nucleo ****
make -j12 all 
arm-none-eabi-size  STM32Nucleo.elf 
   text	   data	    bss	    dec	    hex	filename
  23284	     92	   2316	  25692	   645c	STM32Nucleo.elf
Finished building: default.size.stdout
 
00:04:35 **** Incremental Build of configuration Debug for project STM32Nucleo ****
make -j12 all 
arm-none-eabi-gcc "../Core/Src/main.c" -mcpu=cortex-m0plus -std=gnu11 -g3 -DDEBUG -DUSE_HAL_DRIVER -DSTM32C031xx -c -I../Core/Inc -I"/home/danie/Projects/digital-clock/STM32Nucleo/Drivers/custom_drivers" -I"/home/danie/Projects/digital-clock/STM32Nucleo/Drivers/custom_drivers/Inc" -I"/home/danie/Projects/digital-clock/STM32Nucleo/Drivers/custom_drivers/Src" -I../Drivers/STM32C0xx_HAL_Driver/Inc -I../Drivers/STM32C0xx_HAL_Driver/Inc/Legacy -I../Drivers/CMSIS/Device/ST/STM32C0xx/Include -I../Drivers/CMSIS/Include -O0 -ffunction-sections -fdata-sections -Wall -fstack-usage -fcyclomatic-complexity -MMD -MP -MF"Core/Src/main.d" -MT"Core/Src/main.o" --specs=nano.specs -mfloat-abi=soft -mthumb -o "Core/Src/main.o"
arm-none-eabi-gcc -o "STM32Nucleo.elf" @"objects.list"   -mcpu=cortex-m0plus -T"/home/danie/Projects/digital-clock/STM32Nucleo/STM32C031C6TX_FLASH.ld" --specs=nosys.specs -Wl,-Map="STM32Nucleo.map" -Wl,--gc-sections -static -specs=rdimon.specs -lc -lrdimon --specs=nano.specs -mfloat-abi=soft -mthumb -Wl,--start-group -lc -lm -Wl,--end-group
Finished building target: STM32Nucleo.elf
 
arm-none-eabi-size  STM32Nucleo.elf 
arm-none-eabi-objdump -h -S STM32Nucleo.elf  > "STM32Nucleo.list"
   text	   data	    bss	    dec	    hex	filename
  23280	     92	   2316	  25688	   6458	STM32Nucleo.elf
Finished building: default.size.stdout
 
Finished building: STM32Nucleo.list
 
00:04:37 **** Incremental Build of configuration Debug for project STM32Nucleo ****
make -j12 all 
arm-none-eabi-size  STM32Nucleo.elf 
   text	   data	    bss	    dec	    hex	filename
  23280	     92	   2316	  25688	   6458	STM32Nucleo.elf
Finished building: default.size.stdout
 
00:09:08 **** Incremental Build of configuration Debug for project STM32Nucleo ****
make -j12 all 
arm-none-eabi-gcc "../Core/Src/main.c" -mcpu=cortex-m0plus -std=gnu11 -g3 -DDEBUG -DUSE_HAL_DRIVER -DSTM32C031xx -c -I../Core/Inc -I"/home/danie/Projects/digital-clock/STM32Nucleo/Drivers/custom_drivers" -I"/home/danie/Projects/digital-clock/STM32Nucleo/Drivers/custom_drivers/Inc" -I"/home/danie/Projects/digital-clock/STM32Nucleo/Drivers/custom_drivers/Src" -I../Drivers/STM32C0xx_HAL_Driver/Inc -I../Drivers/STM32C0xx_HAL_Driver/Inc/Legacy -I../Drivers/CMSIS/Device/ST/STM32C0xx/Include -I../Drivers/CMSIS/Include -O0 -ffunction-sections -fdata-sections -Wall -fstack-usage -fcyclomatic-complexity -MMD -MP -MF"Core/Src/main.d" -MT"Core/Src/main.o" --specs=nano.specs -mfloat-abi=soft -mthumb -o "Core/Src/main.o"
arm-none-eabi-gcc "../Core/Src/stm32c0xx_it.c" -mcpu=cortex-m0plus -std=gnu11 -g3 -DDEBUG -DUSE_HAL_DRIVER -DSTM32C031xx -c -I../Core/Inc -I"/home/danie/Projects/digital-clock/STM32Nucleo/Drivers/custom_drivers" -I"/home/danie/Projects/digital-clock/STM32Nucleo/Drivers/custom_drivers/Inc" -I"/home/danie/Projects/digital-clock/STM32Nucleo/Drivers/custom_drivers/Src" -I../Drivers/STM32C0xx_HAL_Driver/Inc -I../Drivers/STM32C0xx_HAL_Driver/Inc/Legacy -I../Drivers/CMSIS/Device/ST/STM32C0xx/Include -I../Drivers/CMSIS/Include -O0 -ffunction-sections -fdata-sections -Wall -fstack-usage -fcyclomatic-complexity -MMD -MP -MF"Core/Src/stm32c0xx_it.d" -MT"Core/Src/stm32c0xx_it.o" --specs=nano.specs -mfloat-abi=soft -mthumb -o "Core/Src/stm32c0xx_it.o"
arm-none-eabi-gcc -o "STM32Nucleo.elf" @"objects.list"   -mcpu=cortex-m0plus -T"/home/danie/Projects/digital-clock/STM32Nucleo/STM32C031C6TX_FLASH.ld" --specs=nosys.specs -Wl,-Map="STM32Nucleo.map" -Wl,--gc-sections -static -specs=rdimon.specs -lc -lrdimon --specs=nano.specs -mfloat-abi=soft -mthumb -Wl,--start-group -lc -lm -Wl,--end-group
Finished building target: STM32Nucleo.elf
 
arm-none-eabi-size  STM32Nucleo.elf 
arm-none-eabi-objdump -h -S STM32Nucleo.elf  > "STM32Nucleo.list"
   text	   data	    bss	    dec	    hex	filename
  16636	     12	   1980	  18628	   48c4	STM32Nucleo.elf
Finished building: default.size.stdout
 
Finished building: STM32Nucleo.list
 
00:09:10 **** Incremental Build of configuration Debug for project STM32Nucleo ****
make -j12 all 
arm-none-eabi-size  STM32Nucleo.elf 
   text	   data	    bss	    dec	    hex	filename
  16636	     12	   1980	  18628	   48c4	STM32Nucleo.elf
Finished building: default.size.stdout
 
00:21:26 **** Incremental Build of configuration Debug for project STM32Nucleo ****
make -j12 all 
arm-none-eabi-gcc "../Drivers/custom_drivers/Src/ds1307.c" -mcpu=cortex-m0plus -std=gnu11 -g3 -DDEBUG -DUSE_HAL_DRIVER -DSTM32C031xx -c -I../Core/Inc -I"/home/danie/Projects/digital-clock/STM32Nucleo/Drivers/custom_drivers" -I"/home/danie/Projects/digital-clock/STM32Nucleo/Drivers/custom_drivers/Inc" -I"/home/danie/Projects/digital-clock/STM32Nucleo/Drivers/custom_drivers/Src" -I../Drivers/STM32C0xx_HAL_Driver/Inc -I../Drivers/STM32C0xx_HAL_Driver/Inc/Legacy -I../Drivers/CMSIS/Device/ST/STM32C0xx/Include -I../Drivers/CMSIS/Include -O0 -ffunction-sections -fdata-sections -Wall -fstack-usage -fcyclomatic-complexity -MMD -MP -MF"Drivers/custom_drivers/Src/ds1307.d" -MT"Drivers/custom_drivers/Src/ds1307.o" --specs=nano.specs -mfloat-abi=soft -mthumb -o "Drivers/custom_drivers/Src/ds1307.o"
arm-none-eabi-gcc "../Drivers/custom_drivers/Src/esp8266_driver.c" -mcpu=cortex-m0plus -std=gnu11 -g3 -DDEBUG -DUSE_HAL_DRIVER -DSTM32C031xx -c -I../Core/Inc -I"/home/danie/Projects/digital-clock/STM32Nucleo/Drivers/custom_drivers" -I"/home/danie/Projects/digital-clock/STM32Nucleo/Drivers/custom_drivers/Inc" -I"/home/danie/Projects/digital-clock/STM32Nucleo/Drivers/custom_drivers/Src" -I../Drivers/STM32C0xx_HAL_Driver/Inc -I../Drivers/STM32C0xx_HAL_Driver/Inc/Legacy -I../Drivers/CMSIS/Device/ST/STM32C0xx/Include -I../Drivers/CMSIS/Include -O0 -ffunction-sections -fdata-sections -Wall -fstack-usage -fcyclomatic-complexity -MMD -MP -MF"Drivers/custom_drivers/Src/esp8266_driver.d" -MT"Drivers/custom_drivers/Src/esp8266_driver.o" --specs=nano.specs -mfloat-abi=soft -mthumb -o "Drivers/custom_drivers/Src/esp8266_driver.o"
arm-none-eabi-gcc "../Core/Src/main.c" -mcpu=cortex-m0plus -std=gnu11 -g3 -DDEBUG -DUSE_HAL_DRIVER -DSTM32C031xx -c -I../Core/Inc -I"/home/danie/Projects/digital-clock/STM32Nucleo/Drivers/custom_drivers" -I"/home/danie/Projects/digital-clock/STM32Nucleo/Drivers/custom_drivers/Inc" -I"/home/danie/Projects/digital-clock/STM32Nucleo/Drivers/custom_drivers/Src" -I../Drivers/STM32C0xx_HAL_Driver/Inc -I../Drivers/STM32C0xx_HAL_Driver/Inc/Legacy -I../Drivers/CMSIS/Device/ST/STM32C0xx/Include -I../Drivers/CMSIS/Include -O0 -ffunction-sections -fdata-sections -Wall -fstack-usage -fcyclomatic-complexity -MMD -MP -MF"Core/Src/main.d" -MT"Core/Src/main.o" --specs=nano.specs -mfloat-abi=soft -mthumb -o "Core/Src/main.o"
arm-none-eabi-gcc "../Core/Src/stm32c0xx_it.c" -mcpu=cortex-m0plus -std=gnu11 -g3 -DDEBUG -DUSE_HAL_DRIVER -DSTM32C031xx -c -I../Core/Inc -I"/home/danie/Projects/digital-clock/STM32Nucleo/Drivers/custom_drivers" -I"/home/danie/Projects/digital-clock/STM32Nucleo/Drivers/custom_drivers/Inc" -I"/home/danie/Projects/digital-clock/STM32Nucleo/Drivers/custom_drivers/Src" -I../Drivers/STM32C0xx_HAL_Driver/Inc -I../Drivers/STM32C0xx_HAL_Driver/Inc/Legacy -I../Drivers/CMSIS/Device/ST/STM32C0xx/Include -I../Drivers/CMSIS/Include -O0 -ffunction-sections -fdata-sections -Wall -fstack-usage -fcyclomatic-complexity -MMD -MP -MF"Core/Src/stm32c0xx_it.d" -MT"Core/Src/stm32c0xx_it.o" --specs=nano.specs -mfloat-abi=soft -mthumb -o "Core/Src/stm32c0xx_it.o"
arm-none-eabi-gcc -o "STM32Nucleo.elf" @"objects.list"   -mcpu=cortex-m0plus -T"/home/danie/Projects/digital-clock/STM32Nucleo/STM32C031C6TX_FLASH.ld" --specs=nosys.specs -Wl,-Map="STM32Nucleo.map" -Wl,--gc-sections -static -specs=rdimon.specs -lc -lrdimon --specs=nano.specs -mfloat-abi=soft -mthumb -Wl,--start-group -lc -lm -Wl,--end-group
Finished building target: STM32Nucleo.elf
 
arm-none-eabi-size  STM32Nucleo.elf 
arm-none-eabi-objdump -h -S STM32Nucleo.elf  > "STM32Nucleo.list"
   text	   data	    bss	    dec	    hex	filename
  19176	    112	   2480	  21768	   5508	STM32Nucleo.elf
Finished building: default.size.stdout
 
Finished building: STM32Nucleo.list
 
00:23:48 **** Incremental Build of configuration Debug for project STM32Nucleo ****
make -j12 all 
arm-none-eabi-gcc "../Drivers/custom_drivers/Src/ds1307.c" -mcpu=cortex-m0plus -std=gnu11 -g3 -DDEBUG -DUSE_HAL_DRIVER -DSTM32C031xx -c -I../Core/Inc -I"/home/danie/Projects/digital-clock/STM32Nucleo/Drivers/custom_drivers" -I"/home/danie/Projects/digital-clock/STM32Nucleo/Drivers/custom_drivers/Inc" -I"/home/danie/Projects/digital-clock/STM32Nucleo/Drivers/custom_drivers/Src" -I../Drivers/STM32C0xx_HAL_Driver/Inc -I../Drivers/STM32C0xx_HAL_Driver/Inc/Legacy -I../Drivers/CMSIS/Device/ST/STM32C0xx/Include -I../Drivers/CMSIS/Include -O0 -ffunction-sections -fdata-sections -Wall -fstack-usage -fcyclomatic-complexity -MMD -MP -MF"Drivers/custom_drivers/Src/ds1307.d" -MT"Drivers/custom_drivers/Src/ds1307.o" --specs=nano.specs -mfloat-abi=soft -mthumb -o "Drivers/custom_drivers/Src/ds1307.o"
arm-none-eabi-gcc "../Drivers/custom_drivers/Src/esp8266_driver.c" -mcpu=cortex-m0plus -std=gnu11 -g3 -DDEBUG -DUSE_HAL_DRIVER -DSTM32C031xx -c -I../Core/Inc -I"/home/danie/Projects/digital-clock/STM32Nucleo/Drivers/custom_drivers" -I"/home/danie/Projects/digital-clock/STM32Nucleo/Drivers/custom_drivers/Inc" -I"/home/danie/Projects/digital-clock/STM32Nucleo/Drivers/custom_drivers/Src" -I../Drivers/STM32C0xx_HAL_Driver/Inc -I../Drivers/STM32C0xx_HAL_Driver/Inc/Legacy -I../Drivers/CMSIS/Device/ST/STM32C0xx/Include -I../Drivers/CMSIS/Include -O0 -ffunction-sections -fdata-sections -Wall -fstack-usage -fcyclomatic-complexity -MMD -MP -MF"Drivers/custom_drivers/Src/esp8266_driver.d" -MT"Drivers/custom_drivers/Src/esp8266_driver.o" --specs=nano.specs -mfloat-abi=soft -mthumb -o "Drivers/custom_drivers/Src/esp8266_driver.o"
arm-none-eabi-gcc "../Core/Src/main.c" -mcpu=cortex-m0plus -std=gnu11 -g3 -DDEBUG -DUSE_HAL_DRIVER -DSTM32C031xx -c -I../Core/Inc -I"/home/danie/Projects/digital-clock/STM32Nucleo/Drivers/custom_drivers" -I"/home/danie/Projects/digital-clock/STM32Nucleo/Drivers/custom_drivers/Inc" -I"/home/danie/Projects/digital-clock/STM32Nucleo/Drivers/custom_drivers/Src" -I../Drivers/STM32C0xx_HAL_Driver/Inc -I../Drivers/STM32C0xx_HAL_Driver/Inc/Legacy -I../Drivers/CMSIS/Device/ST/STM32C0xx/Include -I../Drivers/CMSIS/Include -O0 -ffunction-sections -fdata-sections -Wall -fstack-usage -fcyclomatic-complexity -MMD -MP -MF"Core/Src/main.d" -MT"Core/Src/main.o" --specs=nano.specs -mfloat-abi=soft -mthumb -o "Core/Src/main.o"
arm-none-eabi-gcc "../Core/Src/stm32c0xx_it.c" -mcpu=cortex-m0plus -std=gnu11 -g3 -DDEBUG -DUSE_HAL_DRIVER -DSTM32C031xx -c -I../Core/Inc -I"/home/danie/Projects/digital-clock/STM32Nucleo/Drivers/custom_drivers" -I"/home/danie/Projects/digital-clock/STM32Nucleo/Drivers/custom_drivers/Inc" -I"/home/danie/Projects/digital-clock/STM32Nucleo/Drivers/custom_drivers/Src" -I../Drivers/STM32C0xx_HAL_Driver/Inc -I../Drivers/STM32C0xx_HAL_Driver/Inc/Legacy -I../Drivers/CMSIS/Device/ST/STM32C0xx/Include -I../Drivers/CMSIS/Include -O0 -ffunction-sections -fdata-sections -Wall -fstack-usage -fcyclomatic-complexity -MMD -MP -MF"Core/Src/stm32c0xx_it.d" -MT"Core/Src/stm32c0xx_it.o" --specs=nano.specs -mfloat-abi=soft -mthumb -o "Core/Src/stm32c0xx_it.o"
arm-none-eabi-gcc -o "STM32Nucleo.elf" @"objects.list"   -mcpu=cortex-m0plus -T"/home/danie/Projects/digital-clock/STM32Nucleo/STM32C031C6TX_FLASH.ld" --specs=nosys.specs -Wl,-Map="STM32Nucleo.map" -Wl,--gc-sections -static -specs=rdimon.specs -lc -lrdimon --specs=nano.specs -mfloat-abi=soft -mthumb -Wl,--start-group -lc -lm -Wl,--end-group
Finished building target: STM32Nucleo.elf
 
arm-none-eabi-size  STM32Nucleo.elf 
arm-none-eabi-objdump -h -S STM32Nucleo.elf  > "STM32Nucleo.list"
   text	   data	    bss	    dec	    hex	filename
  20552	    112	   2488	  23152	   5a70	STM32Nucleo.elf
Finished building: default.size.stdout
 
Finished building: STM32Nucleo.list
 
00:23:59 **** Incremental Build of configuration Debug for project STM32Nucleo ****
make -j12 all 
arm-none-eabi-size  STM32Nucleo.elf 
   text	   data	    bss	    dec	    hex	filename
  20552	    112	   2488	  23152	   5a70	STM32Nucleo.elf
Finished building: default.size.stdout
 
00:25:16 **** Incremental Build of configuration Debug for project STM32Nucleo ****
make -j12 all 
arm-none-eabi-gcc "../Core/Src/main.c" -mcpu=cortex-m0plus -std=gnu11 -g3 -DDEBUG -DUSE_HAL_DRIVER -DSTM32C031xx -c -I../Core/Inc -I"/home/danie/Projects/digital-clock/STM32Nucleo/Drivers/custom_drivers" -I"/home/danie/Projects/digital-clock/STM32Nucleo/Drivers/custom_drivers/Inc" -I"/home/danie/Projects/digital-clock/STM32Nucleo/Drivers/custom_drivers/Src" -I../Drivers/STM32C0xx_HAL_Driver/Inc -I../Drivers/STM32C0xx_HAL_Driver/Inc/Legacy -I../Drivers/CMSIS/Device/ST/STM32C0xx/Include -I../Drivers/CMSIS/Include -O0 -ffunction-sections -fdata-sections -Wall -fstack-usage -fcyclomatic-complexity -MMD -MP -MF"Core/Src/main.d" -MT"Core/Src/main.o" --specs=nano.specs -mfloat-abi=soft -mthumb -o "Core/Src/main.o"
arm-none-eabi-gcc -o "STM32Nucleo.elf" @"objects.list"   -mcpu=cortex-m0plus -T"/home/danie/Projects/digital-clock/STM32Nucleo/STM32C031C6TX_FLASH.ld" --specs=nosys.specs -Wl,-Map="STM32Nucleo.map" -Wl,--gc-sections -static -specs=rdimon.specs -lc -lrdimon --specs=nano.specs -mfloat-abi=soft -mthumb -Wl,--start-group -lc -lm -Wl,--end-group
Finished building target: STM32Nucleo.elf
 
arm-none-eabi-size  STM32Nucleo.elf 
arm-none-eabi-objdump -h -S STM32Nucleo.elf  > "STM32Nucleo.list"
   text	   data	    bss	    dec	    hex	filename
  19176	    112	   2480	  21768	   5508	STM32Nucleo.elf
Finished building: default.size.stdout
 
Finished building: STM32Nucleo.list
 
00:25:23 **** Incremental Build of configuration Debug for project STM32Nucleo ****
make -j12 all 
arm-none-eabi-gcc "../Core/Src/main.c" -mcpu=cortex-m0plus -std=gnu11 -g3 -DDEBUG -DUSE_HAL_DRIVER -DSTM32C031xx -c -I../Core/Inc -I"/home/danie/Projects/digital-clock/STM32Nucleo/Drivers/custom_drivers" -I"/home/danie/Projects/digital-clock/STM32Nucleo/Drivers/custom_drivers/Inc" -I"/home/danie/Projects/digital-clock/STM32Nucleo/Drivers/custom_drivers/Src" -I../Drivers/STM32C0xx_HAL_Driver/Inc -I../Drivers/STM32C0xx_HAL_Driver/Inc/Legacy -I../Drivers/CMSIS/Device/ST/STM32C0xx/Include -I../Drivers/CMSIS/Include -O0 -ffunction-sections -fdata-sections -Wall -fstack-usage -fcyclomatic-complexity -MMD -MP -MF"Core/Src/main.d" -MT"Core/Src/main.o" --specs=nano.specs -mfloat-abi=soft -mthumb -o "Core/Src/main.o"
arm-none-eabi-gcc -o "STM32Nucleo.elf" @"objects.list"   -mcpu=cortex-m0plus -T"/home/danie/Projects/digital-clock/STM32Nucleo/STM32C031C6TX_FLASH.ld" --specs=nosys.specs -Wl,-Map="STM32Nucleo.map" -Wl,--gc-sections -static -specs=rdimon.specs -lc -lrdimon --specs=nano.specs -mfloat-abi=soft -mthumb -Wl,--start-group -lc -lm -Wl,--end-group
Finished building target: STM32Nucleo.elf
 
arm-none-eabi-size  STM32Nucleo.elf 
arm-none-eabi-objdump -h -S STM32Nucleo.elf  > "STM32Nucleo.list"
   text	   data	    bss	    dec	    hex	filename
  25448	    112	   2496	  28056	   6d98	STM32Nucleo.elf
Finished building: default.size.stdout
 
Finished building: STM32Nucleo.list
 
00:25:25 **** Incremental Build of configuration Debug for project STM32Nucleo ****
make -j12 all 
arm-none-eabi-size  STM32Nucleo.elf 
   text	   data	    bss	    dec	    hex	filename
  25448	    112	   2496	  28056	   6d98	STM32Nucleo.elf
Finished building: default.size.stdout
 
00:31:03 **** Clean-only build of configuration Debug for project STM32Nucleo ****
make -j12 clean 
rm -rf ./Drivers/custom_drivers/Src/ds1307.cyclo ./Drivers/custom_drivers/Src/ds1307.d ./Drivers/custom_drivers/Src/ds1307.o ./Drivers/custom_drivers/Src/ds1307.su ./Drivers/custom_drivers/Src/esp8266_driver.cyclo ./Drivers/custom_drivers/Src/esp8266_driver.d ./Drivers/custom_drivers/Src/esp8266_driver.o ./Drivers/custom_drivers/Src/esp8266_driver.su ./Drivers/custom_drivers/Src/lcd.cyclo ./Drivers/custom_drivers/Src/lcd.d ./Drivers/custom_drivers/Src/lcd.o ./Drivers/custom_drivers/Src/lcd.su
rm -rf ./Drivers/STM32C0xx_HAL_Driver/Src/stm32c0xx_hal.cyclo ./Drivers/STM32C0xx_HAL_Driver/Src/stm32c0xx_hal.d ./Drivers/STM32C0xx_HAL_Driver/Src/stm32c0xx_hal.o ./Drivers/STM32C0xx_HAL_Driver/Src/stm32c0xx_hal.su ./Drivers/STM32C0xx_HAL_Driver/Src/stm32c0xx_hal_cortex.cyclo ./Drivers/STM32C0xx_HAL_Driver/Src/stm32c0xx_hal_cortex.d ./Drivers/STM32C0xx_HAL_Driver/Src/stm32c0xx_hal_cortex.o ./Drivers/STM32C0xx_HAL_Driver/Src/stm32c0xx_hal_cortex.su ./Drivers/STM32C0xx_HAL_Driver/Src/stm32c0xx_hal_dma.cyclo ./Drivers/STM32C0xx_HAL_Driver/Src/stm32c0xx_hal_dma.d ./Drivers/STM32C0xx_HAL_Driver/Src/stm32c0xx_hal_dma.o ./Drivers/STM32C0xx_HAL_Driver/Src/stm32c0xx_hal_dma.su ./Drivers/STM32C0xx_HAL_Driver/Src/stm32c0xx_hal_dma_ex.cyclo ./Drivers/STM32C0xx_HAL_Driver/Src/stm32c0xx_hal_dma_ex.d ./Drivers/STM32C0xx_HAL_Driver/Src/stm32c0xx_hal_dma_ex.o ./Drivers/STM32C0xx_HAL_Driver/Src/stm32c0xx_hal_dma_ex.su ./Drivers/STM32C0xx_HAL_Driver/Src/stm32c0xx_hal_exti.cyclo ./Drivers/STM32C0xx_HAL_Driver/Src/stm32c0xx_hal_exti.d ./Drivers/STM32C0xx_HAL_Driver/Src/stm32c0xx_hal_exti.o ./Drivers/STM32C0xx_HAL_Driver/Src/stm32c0xx_hal_exti.su ./Drivers/STM32C0xx_HAL_Driver/Src/stm32c0xx_hal_flash.cyclo ./Drivers/STM32C0xx_HAL_Driver/Src/stm32c0xx_hal_flash.d ./Drivers/STM32C0xx_HAL_Driver/Src/stm32c0xx_hal_flash.o ./Drivers/STM32C0xx_HAL_Driver/Src/stm32c0xx_hal_flash.su ./Drivers/STM32C0xx_HAL_Driver/Src/stm32c0xx_hal_flash_ex.cyclo ./Drivers/STM32C0xx_HAL_Driver/Src/stm32c0xx_hal_flash_ex.d ./Drivers/STM32C0xx_HAL_Driver/Src/stm32c0xx_hal_flash_ex.o ./Drivers/STM32C0xx_HAL_Driver/Src/stm32c0xx_hal_flash_ex.su ./Drivers/STM32C0xx_HAL_Driver/Src/stm32c0xx_hal_gpio.cyclo ./Drivers/STM32C0xx_HAL_Driver/Src/stm32c0xx_hal_gpio.d ./Drivers/STM32C0xx_HAL_Driver/Src/stm32c0xx_hal_gpio.o ./Drivers/STM32C0xx_HAL_Driver/Src/stm32c0xx_hal_gpio.su ./Drivers/STM32C0xx_HAL_Driver/Src/stm32c0xx_hal_i2c.cyclo ./Drivers/STM32C0xx_HAL_Driver/Src/stm32c0xx_hal_i2c.d ./Drivers/STM32C0xx_HAL_Driver/Src/stm32c0xx_hal_i2c.o ./Drivers/STM32C0xx_HAL_Driver/Src/stm32c0xx_hal_i2c.su ./Drivers/STM32C0xx_HAL_Driver/Src/stm32c0xx_hal_i2c_ex.cyclo ./Drivers/STM32C0xx_HAL_Driver/Src/stm32c0xx_hal_i2c_ex.d ./Drivers/STM32C0xx_HAL_Driver/Src/stm32c0xx_hal_i2c_ex.o ./Drivers/STM32C0xx_HAL_Driver/Src/stm32c0xx_hal_i2c_ex.su ./Drivers/STM32C0xx_HAL_Driver/Src/stm32c0xx_hal_pwr.cyclo ./Drivers/STM32C0xx_HAL_Driver/Src/stm32c0xx_hal_pwr.d ./Drivers/STM32C0xx_HAL_Driver/Src/stm32c0xx_hal_pwr.o ./Drivers/STM32C0xx_HAL_Driver/Src/stm32c0xx_hal_pwr.su ./Drivers/STM32C0xx_HAL_Driver/Src/stm32c0xx_hal_pwr_ex.cyclo ./Drivers/STM32C0xx_HAL_Driver/Src/stm32c0xx_hal_pwr_ex.d ./Drivers/STM32C0xx_HAL_Driver/Src/stm32c0xx_hal_pwr_ex.o ./Drivers/STM32C0xx_HAL_Driver/Src/stm32c0xx_hal_pwr_ex.su ./Drivers/STM32C0xx_HAL_Driver/Src/stm32c0xx_hal_rcc.cyclo ./Drivers/STM32C0xx_HAL_Driver/Src/stm32c0xx_hal_rcc.d ./Drivers/STM32C0xx_HAL_Driver/Src/stm32c0xx_hal_rcc.o ./Drivers/STM32C0xx_HAL_Driver/Src/stm32c0xx_hal_rcc.su ./Drivers/STM32C0xx_HAL_Driver/Src/stm32c0xx_hal_rcc_ex.cyclo ./Drivers/STM32C0xx_HAL_Driver/Src/stm32c0xx_hal_rcc_ex.d ./Drivers/STM32C0xx_HAL_Driver/Src/stm32c0xx_hal_rcc_ex.o ./Drivers/STM32C0xx_HAL_Driver/Src/stm32c0xx_hal_rcc_ex.su ./Drivers/STM32C0xx_HAL_Driver/Src/stm32c0xx_hal_tim.cyclo ./Drivers/STM32C0xx_HAL_Driver/Src/stm32c0xx_hal_tim.d ./Drivers/STM32C0xx_HAL_Driver/Src/stm32c0xx_hal_tim.o ./Drivers/STM32C0xx_HAL_Driver/Src/stm32c0xx_hal_tim.su ./Drivers/STM32C0xx_HAL_Driver/Src/stm32c0xx_hal_tim_ex.cyclo ./Drivers/STM32C0xx_HAL_Driver/Src/stm32c0xx_hal_tim_ex.d ./Drivers/STM32C0xx_HAL_Driver/Src/stm32c0xx_hal_tim_ex.o ./Drivers/STM32C0xx_HAL_Driver/Src/stm32c0xx_hal_tim_ex.su ./Drivers/STM32C0xx_HAL_Driver/Src/stm32c0xx_hal_uart.cyclo ./Drivers/STM32C0xx_HAL_Driver/Src/stm32c0xx_hal_uart.d ./Drivers/STM32C0xx_HAL_Driver/Src/stm32c0xx_hal_uart.o ./Drivers/STM32C0xx_HAL_Driver/Src/stm32c0xx_hal_uart.su ./Drivers/STM32C0xx_HAL_Driver/Src/stm32c0xx_hal_uart_ex.cyclo ./Drivers/STM32C0xx_HAL_Driver/Src/stm32c0xx_hal_uart_ex.d ./Drivers/STM32C0xx_HAL_Driver/Src/stm32c0xx_hal_uart_ex.o ./Drivers/STM32C0xx_HAL_Driver/Src/stm32c0xx_hal_uart_ex.su
rm -rf ./Core/Startup/startup_stm32c031c6tx.d ./Core/Startup/startup_stm32c031c6tx.o
rm -rf ./Core/Src/main.cyclo ./Core/Src/main.d ./Core/Src/main.o ./Core/Src/main.su ./Core/Src/stm32c0xx_hal_msp.cyclo ./Core/Src/stm32c0xx_hal_msp.d ./Core/Src/stm32c0xx_hal_msp.o ./Core/Src/stm32c0xx_hal_msp.su ./Core/Src/stm32c0xx_it.cyclo ./Core/Src/stm32c0xx_it.d ./Core/Src/stm32c0xx_it.o ./Core/Src/stm32c0xx_it.su ./Core/Src/sysmem.cyclo ./Core/Src/sysmem.d ./Core/Src/sysmem.o ./Core/Src/sysmem.su ./Core/Src/system_stm32c0xx.cyclo ./Core/Src/system_stm32c0xx.d ./Core/Src/system_stm32c0xx.o ./Core/Src/system_stm32c0xx.su
rm -rf STM32Nucleo.elf STM32Nucleo.list STM32Nucleo.map default.size.stdout
 
00:31:03 **** Incremental Build of configuration Debug for project STM32Nucleo ****
make -j12 all 
arm-none-eabi-gcc "../Drivers/custom_drivers/Src/ds1307.c" -mcpu=cortex-m0plus -std=gnu11 -g3 -DDEBUG -DUSE_HAL_DRIVER -DSTM32C031xx -c -I../Core/Inc -I"/home/danie/Projects/digital-clock/STM32Nucleo/Drivers/custom_drivers" -I"/home/danie/Projects/digital-clock/STM32Nucleo/Drivers/custom_drivers/Inc" -I"/home/danie/Projects/digital-clock/STM32Nucleo/Drivers/custom_drivers/Src" -I../Drivers/STM32C0xx_HAL_Driver/Inc -I../Drivers/STM32C0xx_HAL_Driver/Inc/Legacy -I../Drivers/CMSIS/Device/ST/STM32C0xx/Include -I../Drivers/CMSIS/Include -O0 -ffunction-sections -fdata-sections -Wall -fstack-usage -fcyclomatic-complexity -MMD -MP -MF"Drivers/custom_drivers/Src/ds1307.d" -MT"Drivers/custom_drivers/Src/ds1307.o" --specs=nano.specs -mfloat-abi=soft -mthumb -o "Drivers/custom_drivers/Src/ds1307.o"
arm-none-eabi-gcc "../Drivers/custom_drivers/Src/esp8266_driver.c" -mcpu=cortex-m0plus -std=gnu11 -g3 -DDEBUG -DUSE_HAL_DRIVER -DSTM32C031xx -c -I../Core/Inc -I"/home/danie/Projects/digital-clock/STM32Nucleo/Drivers/custom_drivers" -I"/home/danie/Projects/digital-clock/STM32Nucleo/Drivers/custom_drivers/Inc" -I"/home/danie/Projects/digital-clock/STM32Nucleo/Drivers/custom_drivers/Src" -I../Drivers/STM32C0xx_HAL_Driver/Inc -I../Drivers/STM32C0xx_HAL_Driver/Inc/Legacy -I../Drivers/CMSIS/Device/ST/STM32C0xx/Include -I../Drivers/CMSIS/Include -O0 -ffunction-sections -fdata-sections -Wall -fstack-usage -fcyclomatic-complexity -MMD -MP -MF"Drivers/custom_drivers/Src/esp8266_driver.d" -MT"Drivers/custom_drivers/Src/esp8266_driver.o" --specs=nano.specs -mfloat-abi=soft -mthumb -o "Drivers/custom_drivers/Src/esp8266_driver.o"
arm-none-eabi-gcc "../Drivers/custom_drivers/Src/lcd.c" -mcpu=cortex-m0plus -std=gnu11 -g3 -DDEBUG -DUSE_HAL_DRIVER -DSTM32C031xx -c -I../Core/Inc -I"/home/danie/Projects/digital-clock/STM32Nucleo/Drivers/custom_drivers" -I"/home/danie/Projects/digital-clock/STM32Nucleo/Drivers/custom_drivers/Inc" -I"/home/danie/Projects/digital-clock/STM32Nucleo/Drivers/custom_drivers/Src" -I../Drivers/STM32C0xx_HAL_Driver/Inc -I../Drivers/STM32C0xx_HAL_Driver/Inc/Legacy -I../Drivers/CMSIS/Device/ST/STM32C0xx/Include -I../Drivers/CMSIS/Include -O0 -ffunction-sections -fdata-sections -Wall -fstack-usage -fcyclomatic-complexity -MMD -MP -MF"Drivers/custom_drivers/Src/lcd.d" -MT"Drivers/custom_drivers/Src/lcd.o" --specs=nano.specs -mfloat-abi=soft -mthumb -o "Drivers/custom_drivers/Src/lcd.o"
arm-none-eabi-gcc "../Drivers/STM32C0xx_HAL_Driver/Src/stm32c0xx_hal.c" -mcpu=cortex-m0plus -std=gnu11 -g3 -DDEBUG -DUSE_HAL_DRIVER -DSTM32C031xx -c -I../Core/Inc -I"/home/danie/Projects/digital-clock/STM32Nucleo/Drivers/custom_drivers" -I"/home/danie/Projects/digital-clock/STM32Nucleo/Drivers/custom_drivers/Inc" -I"/home/danie/Projects/digital-clock/STM32Nucleo/Drivers/custom_drivers/Src" -I../Drivers/STM32C0xx_HAL_Driver/Inc -I../Drivers/STM32C0xx_HAL_Driver/Inc/Legacy -I../Drivers/CMSIS/Device/ST/STM32C0xx/Include -I../Drivers/CMSIS/Include -O0 -ffunction-sections -fdata-sections -Wall -fstack-usage -fcyclomatic-complexity -MMD -MP -MF"Drivers/STM32C0xx_HAL_Driver/Src/stm32c0xx_hal.d" -MT"Drivers/STM32C0xx_HAL_Driver/Src/stm32c0xx_hal.o" --specs=nano.specs -mfloat-abi=soft -mthumb -o "Drivers/STM32C0xx_HAL_Driver/Src/stm32c0xx_hal.o"
arm-none-eabi-gcc "../Drivers/STM32C0xx_HAL_Driver/Src/stm32c0xx_hal_cortex.c" -mcpu=cortex-m0plus -std=gnu11 -g3 -DDEBUG -DUSE_HAL_DRIVER -DSTM32C031xx -c -I../Core/Inc -I"/home/danie/Projects/digital-clock/STM32Nucleo/Drivers/custom_drivers" -I"/home/danie/Projects/digital-clock/STM32Nucleo/Drivers/custom_drivers/Inc" -I"/home/danie/Projects/digital-clock/STM32Nucleo/Drivers/custom_drivers/Src" -I../Drivers/STM32C0xx_HAL_Driver/Inc -I../Drivers/STM32C0xx_HAL_Driver/Inc/Legacy -I../Drivers/CMSIS/Device/ST/STM32C0xx/Include -I../Drivers/CMSIS/Include -O0 -ffunction-sections -fdata-sections -Wall -fstack-usage -fcyclomatic-complexity -MMD -MP -MF"Drivers/STM32C0xx_HAL_Driver/Src/stm32c0xx_hal_cortex.d" -MT"Drivers/STM32C0xx_HAL_Driver/Src/stm32c0xx_hal_cortex.o" --specs=nano.specs -mfloat-abi=soft -mthumb -o "Drivers/STM32C0xx_HAL_Driver/Src/stm32c0xx_hal_cortex.o"
arm-none-eabi-gcc "../Drivers/STM32C0xx_HAL_Driver/Src/stm32c0xx_hal_dma.c" -mcpu=cortex-m0plus -std=gnu11 -g3 -DDEBUG -DUSE_HAL_DRIVER -DSTM32C031xx -c -I../Core/Inc -I"/home/danie/Projects/digital-clock/STM32Nucleo/Drivers/custom_drivers" -I"/home/danie/Projects/digital-clock/STM32Nucleo/Drivers/custom_drivers/Inc" -I"/home/danie/Projects/digital-clock/STM32Nucleo/Drivers/custom_drivers/Src" -I../Drivers/STM32C0xx_HAL_Driver/Inc -I../Drivers/STM32C0xx_HAL_Driver/Inc/Legacy -I../Drivers/CMSIS/Device/ST/STM32C0xx/Include -I../Drivers/CMSIS/Include -O0 -ffunction-sections -fdata-sections -Wall -fstack-usage -fcyclomatic-complexity -MMD -MP -MF"Drivers/STM32C0xx_HAL_Driver/Src/stm32c0xx_hal_dma.d" -MT"Drivers/STM32C0xx_HAL_Driver/Src/stm32c0xx_hal_dma.o" --specs=nano.specs -mfloat-abi=soft -mthumb -o "Drivers/STM32C0xx_HAL_Driver/Src/stm32c0xx_hal_dma.o"
arm-none-eabi-gcc "../Drivers/STM32C0xx_HAL_Driver/Src/stm32c0xx_hal_dma_ex.c" -mcpu=cortex-m0plus -std=gnu11 -g3 -DDEBUG -DUSE_HAL_DRIVER -DSTM32C031xx -c -I../Core/Inc -I"/home/danie/Projects/digital-clock/STM32Nucleo/Drivers/custom_drivers" -I"/home/danie/Projects/digital-clock/STM32Nucleo/Drivers/custom_drivers/Inc" -I"/home/danie/Projects/digital-clock/STM32Nucleo/Drivers/custom_drivers/Src" -I../Drivers/STM32C0xx_HAL_Driver/Inc -I../Drivers/STM32C0xx_HAL_Driver/Inc/Legacy -I../Drivers/CMSIS/Device/ST/STM32C0xx/Include -I../Drivers/CMSIS/Include -O0 -ffunction-sections -fdata-sections -Wall -fstack-usage -fcyclomatic-complexity -MMD -MP -MF"Drivers/STM32C0xx_HAL_Driver/Src/stm32c0xx_hal_dma_ex.d" -MT"Drivers/STM32C0xx_HAL_Driver/Src/stm32c0xx_hal_dma_ex.o" --specs=nano.specs -mfloat-abi=soft -mthumb -o "Drivers/STM32C0xx_HAL_Driver/Src/stm32c0xx_hal_dma_ex.o"
arm-none-eabi-gcc "../Drivers/STM32C0xx_HAL_Driver/Src/stm32c0xx_hal_exti.c" -mcpu=cortex-m0plus -std=gnu11 -g3 -DDEBUG -DUSE_HAL_DRIVER -DSTM32C031xx -c -I../Core/Inc -I"/home/danie/Projects/digital-clock/STM32Nucleo/Drivers/custom_drivers" -I"/home/danie/Projects/digital-clock/STM32Nucleo/Drivers/custom_drivers/Inc" -I"/home/danie/Projects/digital-clock/STM32Nucleo/Drivers/custom_drivers/Src" -I../Drivers/STM32C0xx_HAL_Driver/Inc -I../Drivers/STM32C0xx_HAL_Driver/Inc/Legacy -I../Drivers/CMSIS/Device/ST/STM32C0xx/Include -I../Drivers/CMSIS/Include -O0 -ffunction-sections -fdata-sections -Wall -fstack-usage -fcyclomatic-complexity -MMD -MP -MF"Drivers/STM32C0xx_HAL_Driver/Src/stm32c0xx_hal_exti.d" -MT"Drivers/STM32C0xx_HAL_Driver/Src/stm32c0xx_hal_exti.o" --specs=nano.specs -mfloat-abi=soft -mthumb -o "Drivers/STM32C0xx_HAL_Driver/Src/stm32c0xx_hal_exti.o"
arm-none-eabi-gcc "../Drivers/STM32C0xx_HAL_Driver/Src/stm32c0xx_hal_flash.c" -mcpu=cortex-m0plus -std=gnu11 -g3 -DDEBUG -DUSE_HAL_DRIVER -DSTM32C031xx -c -I../Core/Inc -I"/home/danie/Projects/digital-clock/STM32Nucleo/Drivers/custom_drivers" -I"/home/danie/Projects/digital-clock/STM32Nucleo/Drivers/custom_drivers/Inc" -I"/home/danie/Projects/digital-clock/STM32Nucleo/Drivers/custom_drivers/Src" -I../Drivers/STM32C0xx_HAL_Driver/Inc -I../Drivers/STM32C0xx_HAL_Driver/Inc/Legacy -I../Drivers/CMSIS/Device/ST/STM32C0xx/Include -I../Drivers/CMSIS/Include -O0 -ffunction-sections -fdata-sections -Wall -fstack-usage -fcyclomatic-complexity -MMD -MP -MF"Drivers/STM32C0xx_HAL_Driver/Src/stm32c0xx_hal_flash.d" -MT"Drivers/STM32C0xx_HAL_Driver/Src/stm32c0xx_hal_flash.o" --specs=nano.specs -mfloat-abi=soft -mthumb -o "Drivers/STM32C0xx_HAL_Driver/Src/stm32c0xx_hal_flash.o"
arm-none-eabi-gcc "../Drivers/STM32C0xx_HAL_Driver/Src/stm32c0xx_hal_flash_ex.c" -mcpu=cortex-m0plus -std=gnu11 -g3 -DDEBUG -DUSE_HAL_DRIVER -DSTM32C031xx -c -I../Core/Inc -I"/home/danie/Projects/digital-clock/STM32Nucleo/Drivers/custom_drivers" -I"/home/danie/Projects/digital-clock/STM32Nucleo/Drivers/custom_drivers/Inc" -I"/home/danie/Projects/digital-clock/STM32Nucleo/Drivers/custom_drivers/Src" -I../Drivers/STM32C0xx_HAL_Driver/Inc -I../Drivers/STM32C0xx_HAL_Driver/Inc/Legacy -I../Drivers/CMSIS/Device/ST/STM32C0xx/Include -I../Drivers/CMSIS/Include -O0 -ffunction-sections -fdata-sections -Wall -fstack-usage -fcyclomatic-complexity -MMD -MP -MF"Drivers/STM32C0xx_HAL_Driver/Src/stm32c0xx_hal_flash_ex.d" -MT"Drivers/STM32C0xx_HAL_Driver/Src/stm32c0xx_hal_flash_ex.o" --specs=nano.specs -mfloat-abi=soft -mthumb -o "Drivers/STM32C0xx_HAL_Driver/Src/stm32c0xx_hal_flash_ex.o"
arm-none-eabi-gcc "../Drivers/STM32C0xx_HAL_Driver/Src/stm32c0xx_hal_gpio.c" -mcpu=cortex-m0plus -std=gnu11 -g3 -DDEBUG -DUSE_HAL_DRIVER -DSTM32C031xx -c -I../Core/Inc -I"/home/danie/Projects/digital-clock/STM32Nucleo/Drivers/custom_drivers" -I"/home/danie/Projects/digital-clock/STM32Nucleo/Drivers/custom_drivers/Inc" -I"/home/danie/Projects/digital-clock/STM32Nucleo/Drivers/custom_drivers/Src" -I../Drivers/STM32C0xx_HAL_Driver/Inc -I../Drivers/STM32C0xx_HAL_Driver/Inc/Legacy -I../Drivers/CMSIS/Device/ST/STM32C0xx/Include -I../Drivers/CMSIS/Include -O0 -ffunction-sections -fdata-sections -Wall -fstack-usage -fcyclomatic-complexity -MMD -MP -MF"Drivers/STM32C0xx_HAL_Driver/Src/stm32c0xx_hal_gpio.d" -MT"Drivers/STM32C0xx_HAL_Driver/Src/stm32c0xx_hal_gpio.o" --specs=nano.specs -mfloat-abi=soft -mthumb -o "Drivers/STM32C0xx_HAL_Driver/Src/stm32c0xx_hal_gpio.o"
arm-none-eabi-gcc "../Drivers/STM32C0xx_HAL_Driver/Src/stm32c0xx_hal_i2c.c" -mcpu=cortex-m0plus -std=gnu11 -g3 -DDEBUG -DUSE_HAL_DRIVER -DSTM32C031xx -c -I../Core/Inc -I"/home/danie/Projects/digital-clock/STM32Nucleo/Drivers/custom_drivers" -I"/home/danie/Projects/digital-clock/STM32Nucleo/Drivers/custom_drivers/Inc" -I"/home/danie/Projects/digital-clock/STM32Nucleo/Drivers/custom_drivers/Src" -I../Drivers/STM32C0xx_HAL_Driver/Inc -I../Drivers/STM32C0xx_HAL_Driver/Inc/Legacy -I../Drivers/CMSIS/Device/ST/STM32C0xx/Include -I../Drivers/CMSIS/Include -O0 -ffunction-sections -fdata-sections -Wall -fstack-usage -fcyclomatic-complexity -MMD -MP -MF"Drivers/STM32C0xx_HAL_Driver/Src/stm32c0xx_hal_i2c.d" -MT"Drivers/STM32C0xx_HAL_Driver/Src/stm32c0xx_hal_i2c.o" --specs=nano.specs -mfloat-abi=soft -mthumb -o "Drivers/STM32C0xx_HAL_Driver/Src/stm32c0xx_hal_i2c.o"
arm-none-eabi-gcc "../Drivers/STM32C0xx_HAL_Driver/Src/stm32c0xx_hal_i2c_ex.c" -mcpu=cortex-m0plus -std=gnu11 -g3 -DDEBUG -DUSE_HAL_DRIVER -DSTM32C031xx -c -I../Core/Inc -I"/home/danie/Projects/digital-clock/STM32Nucleo/Drivers/custom_drivers" -I"/home/danie/Projects/digital-clock/STM32Nucleo/Drivers/custom_drivers/Inc" -I"/home/danie/Projects/digital-clock/STM32Nucleo/Drivers/custom_drivers/Src" -I../Drivers/STM32C0xx_HAL_Driver/Inc -I../Drivers/STM32C0xx_HAL_Driver/Inc/Legacy -I../Drivers/CMSIS/Device/ST/STM32C0xx/Include -I../Drivers/CMSIS/Include -O0 -ffunction-sections -fdata-sections -Wall -fstack-usage -fcyclomatic-complexity -MMD -MP -MF"Drivers/STM32C0xx_HAL_Driver/Src/stm32c0xx_hal_i2c_ex.d" -MT"Drivers/STM32C0xx_HAL_Driver/Src/stm32c0xx_hal_i2c_ex.o" --specs=nano.specs -mfloat-abi=soft -mthumb -o "Drivers/STM32C0xx_HAL_Driver/Src/stm32c0xx_hal_i2c_ex.o"
arm-none-eabi-gcc "../Drivers/STM32C0xx_HAL_Driver/Src/stm32c0xx_hal_pwr.c" -mcpu=cortex-m0plus -std=gnu11 -g3 -DDEBUG -DUSE_HAL_DRIVER -DSTM32C031xx -c -I../Core/Inc -I"/home/danie/Projects/digital-clock/STM32Nucleo/Drivers/custom_drivers" -I"/home/danie/Projects/digital-clock/STM32Nucleo/Drivers/custom_drivers/Inc" -I"/home/danie/Projects/digital-clock/STM32Nucleo/Drivers/custom_drivers/Src" -I../Drivers/STM32C0xx_HAL_Driver/Inc -I../Drivers/STM32C0xx_HAL_Driver/Inc/Legacy -I../Drivers/CMSIS/Device/ST/STM32C0xx/Include -I../Drivers/CMSIS/Include -O0 -ffunction-sections -fdata-sections -Wall -fstack-usage -fcyclomatic-complexity -MMD -MP -MF"Drivers/STM32C0xx_HAL_Driver/Src/stm32c0xx_hal_pwr.d" -MT"Drivers/STM32C0xx_HAL_Driver/Src/stm32c0xx_hal_pwr.o" --specs=nano.specs -mfloat-abi=soft -mthumb -o "Drivers/STM32C0xx_HAL_Driver/Src/stm32c0xx_hal_pwr.o"
arm-none-eabi-gcc "../Drivers/STM32C0xx_HAL_Driver/Src/stm32c0xx_hal_pwr_ex.c" -mcpu=cortex-m0plus -std=gnu11 -g3 -DDEBUG -DUSE_HAL_DRIVER -DSTM32C031xx -c -I../Core/Inc -I"/home/danie/Projects/digital-clock/STM32Nucleo/Drivers/custom_drivers" -I"/home/danie/Projects/digital-clock/STM32Nucleo/Drivers/custom_drivers/Inc" -I"/home/danie/Projects/digital-clock/STM32Nucleo/Drivers/custom_drivers/Src" -I../Drivers/STM32C0xx_HAL_Driver/Inc -I../Drivers/STM32C0xx_HAL_Driver/Inc/Legacy -I../Drivers/CMSIS/Device/ST/STM32C0xx/Include -I../Drivers/CMSIS/Include -O0 -ffunction-sections -fdata-sections -Wall -fstack-usage -fcyclomatic-complexity -MMD -MP -MF"Drivers/STM32C0xx_HAL_Driver/Src/stm32c0xx_hal_pwr_ex.d" -MT"Drivers/STM32C0xx_HAL_Driver/Src/stm32c0xx_hal_pwr_ex.o" --specs=nano.specs -mfloat-abi=soft -mthumb -o "Drivers/STM32C0xx_HAL_Driver/Src/stm32c0xx_hal_pwr_ex.o"
arm-none-eabi-gcc "../Drivers/STM32C0xx_HAL_Driver/Src/stm32c0xx_hal_rcc.c" -mcpu=cortex-m0plus -std=gnu11 -g3 -DDEBUG -DUSE_HAL_DRIVER -DSTM32C031xx -c -I../Core/Inc -I"/home/danie/Projects/digital-clock/STM32Nucleo/Drivers/custom_drivers" -I"/home/danie/Projects/digital-clock/STM32Nucleo/Drivers/custom_drivers/Inc" -I"/home/danie/Projects/digital-clock/STM32Nucleo/Drivers/custom_drivers/Src" -I../Drivers/STM32C0xx_HAL_Driver/Inc -I../Drivers/STM32C0xx_HAL_Driver/Inc/Legacy -I../Drivers/CMSIS/Device/ST/STM32C0xx/Include -I../Drivers/CMSIS/Include -O0 -ffunction-sections -fdata-sections -Wall -fstack-usage -fcyclomatic-complexity -MMD -MP -MF"Drivers/STM32C0xx_HAL_Driver/Src/stm32c0xx_hal_rcc.d" -MT"Drivers/STM32C0xx_HAL_Driver/Src/stm32c0xx_hal_rcc.o" --specs=nano.specs -mfloat-abi=soft -mthumb -o "Drivers/STM32C0xx_HAL_Driver/Src/stm32c0xx_hal_rcc.o"
arm-none-eabi-gcc "../Drivers/STM32C0xx_HAL_Driver/Src/stm32c0xx_hal_rcc_ex.c" -mcpu=cortex-m0plus -std=gnu11 -g3 -DDEBUG -DUSE_HAL_DRIVER -DSTM32C031xx -c -I../Core/Inc -I"/home/danie/Projects/digital-clock/STM32Nucleo/Drivers/custom_drivers" -I"/home/danie/Projects/digital-clock/STM32Nucleo/Drivers/custom_drivers/Inc" -I"/home/danie/Projects/digital-clock/STM32Nucleo/Drivers/custom_drivers/Src" -I../Drivers/STM32C0xx_HAL_Driver/Inc -I../Drivers/STM32C0xx_HAL_Driver/Inc/Legacy -I../Drivers/CMSIS/Device/ST/STM32C0xx/Include -I../Drivers/CMSIS/Include -O0 -ffunction-sections -fdata-sections -Wall -fstack-usage -fcyclomatic-complexity -MMD -MP -MF"Drivers/STM32C0xx_HAL_Driver/Src/stm32c0xx_hal_rcc_ex.d" -MT"Drivers/STM32C0xx_HAL_Driver/Src/stm32c0xx_hal_rcc_ex.o" --specs=nano.specs -mfloat-abi=soft -mthumb -o "Drivers/STM32C0xx_HAL_Driver/Src/stm32c0xx_hal_rcc_ex.o"
arm-none-eabi-gcc "../Drivers/STM32C0xx_HAL_Driver/Src/stm32c0xx_hal_tim.c" -mcpu=cortex-m0plus -std=gnu11 -g3 -DDEBUG -DUSE_HAL_DRIVER -DSTM32C031xx -c -I../Core/Inc -I"/home/danie/Projects/digital-clock/STM32Nucleo/Drivers/custom_drivers" -I"/home/danie/Projects/digital-clock/STM32Nucleo/Drivers/custom_drivers/Inc" -I"/home/danie/Projects/digital-clock/STM32Nucleo/Drivers/custom_drivers/Src" -I../Drivers/STM32C0xx_HAL_Driver/Inc -I../Drivers/STM32C0xx_HAL_Driver/Inc/Legacy -I../Drivers/CMSIS/Device/ST/STM32C0xx/Include -I../Drivers/CMSIS/Include -O0 -ffunction-sections -fdata-sections -Wall -fstack-usage -fcyclomatic-complexity -MMD -MP -MF"Drivers/STM32C0xx_HAL_Driver/Src/stm32c0xx_hal_tim.d" -MT"Drivers/STM32C0xx_HAL_Driver/Src/stm32c0xx_hal_tim.o" --specs=nano.specs -mfloat-abi=soft -mthumb -o "Drivers/STM32C0xx_HAL_Driver/Src/stm32c0xx_hal_tim.o"
arm-none-eabi-gcc "../Drivers/STM32C0xx_HAL_Driver/Src/stm32c0xx_hal_tim_ex.c" -mcpu=cortex-m0plus -std=gnu11 -g3 -DDEBUG -DUSE_HAL_DRIVER -DSTM32C031xx -c -I../Core/Inc -I"/home/danie/Projects/digital-clock/STM32Nucleo/Drivers/custom_drivers" -I"/home/danie/Projects/digital-clock/STM32Nucleo/Drivers/custom_drivers/Inc" -I"/home/danie/Projects/digital-clock/STM32Nucleo/Drivers/custom_drivers/Src" -I../Drivers/STM32C0xx_HAL_Driver/Inc -I../Drivers/STM32C0xx_HAL_Driver/Inc/Legacy -I../Drivers/CMSIS/Device/ST/STM32C0xx/Include -I../Drivers/CMSIS/Include -O0 -ffunction-sections -fdata-sections -Wall -fstack-usage -fcyclomatic-complexity -MMD -MP -MF"Drivers/STM32C0xx_HAL_Driver/Src/stm32c0xx_hal_tim_ex.d" -MT"Drivers/STM32C0xx_HAL_Driver/Src/stm32c0xx_hal_tim_ex.o" --specs=nano.specs -mfloat-abi=soft -mthumb -o "Drivers/STM32C0xx_HAL_Driver/Src/stm32c0xx_hal_tim_ex.o"
arm-none-eabi-gcc "../Drivers/STM32C0xx_HAL_Driver/Src/stm32c0xx_hal_uart.c" -mcpu=cortex-m0plus -std=gnu11 -g3 -DDEBUG -DUSE_HAL_DRIVER -DSTM32C031xx -c -I../Core/Inc -I"/home/danie/Projects/digital-clock/STM32Nucleo/Drivers/custom_drivers" -I"/home/danie/Projects/digital-clock/STM32Nucleo/Drivers/custom_drivers/Inc" -I"/home/danie/Projects/digital-clock/STM32Nucleo/Drivers/custom_drivers/Src" -I../Drivers/STM32C0xx_HAL_Driver/Inc -I../Drivers/STM32C0xx_HAL_Driver/Inc/Legacy -I../Drivers/CMSIS/Device/ST/STM32C0xx/Include -I../Drivers/CMSIS/Include -O0 -ffunction-sections -fdata-sections -Wall -fstack-usage -fcyclomatic-complexity -MMD -MP -MF"Drivers/STM32C0xx_HAL_Driver/Src/stm32c0xx_hal_uart.d" -MT"Drivers/STM32C0xx_HAL_Driver/Src/stm32c0xx_hal_uart.o" --specs=nano.specs -mfloat-abi=soft -mthumb -o "Drivers/STM32C0xx_HAL_Driver/Src/stm32c0xx_hal_uart.o"
arm-none-eabi-gcc "../Drivers/STM32C0xx_HAL_Driver/Src/stm32c0xx_hal_uart_ex.c" -mcpu=cortex-m0plus -std=gnu11 -g3 -DDEBUG -DUSE_HAL_DRIVER -DSTM32C031xx -c -I../Core/Inc -I"/home/danie/Projects/digital-clock/STM32Nucleo/Drivers/custom_drivers" -I"/home/danie/Projects/digital-clock/STM32Nucleo/Drivers/custom_drivers/Inc" -I"/home/danie/Projects/digital-clock/STM32Nucleo/Drivers/custom_drivers/Src" -I../Drivers/STM32C0xx_HAL_Driver/Inc -I../Drivers/STM32C0xx_HAL_Driver/Inc/Legacy -I../Drivers/CMSIS/Device/ST/STM32C0xx/Include -I../Drivers/CMSIS/Include -O0 -ffunction-sections -fdata-sections -Wall -fstack-usage -fcyclomatic-complexity -MMD -MP -MF"Drivers/STM32C0xx_HAL_Driver/Src/stm32c0xx_hal_uart_ex.d" -MT"Drivers/STM32C0xx_HAL_Driver/Src/stm32c0xx_hal_uart_ex.o" --specs=nano.specs -mfloat-abi=soft -mthumb -o "Drivers/STM32C0xx_HAL_Driver/Src/stm32c0xx_hal_uart_ex.o"
arm-none-eabi-gcc -mcpu=cortex-m0plus -g3 -DDEBUG -c -x assembler-with-cpp -MMD -MP -MF"Core/Startup/startup_stm32c031c6tx.d" -MT"Core/Startup/startup_stm32c031c6tx.o" --specs=nano.specs -mfloat-abi=soft -mthumb -o "Core/Startup/startup_stm32c031c6tx.o" "../Core/Startup/startup_stm32c031c6tx.s"
arm-none-eabi-gcc "../Core/Src/main.c" -mcpu=cortex-m0plus -std=gnu11 -g3 -DDEBUG -DUSE_HAL_DRIVER -DSTM32C031xx -c -I../Core/Inc -I"/home/danie/Projects/digital-clock/STM32Nucleo/Drivers/custom_drivers" -I"/home/danie/Projects/digital-clock/STM32Nucleo/Drivers/custom_drivers/Inc" -I"/home/danie/Projects/digital-clock/STM32Nucleo/Drivers/custom_drivers/Src" -I../Drivers/STM32C0xx_HAL_Driver/Inc -I../Drivers/STM32C0xx_HAL_Driver/Inc/Legacy -I../Drivers/CMSIS/Device/ST/STM32C0xx/Include -I../Drivers/CMSIS/Include -O0 -ffunction-sections -fdata-sections -Wall -fstack-usage -fcyclomatic-complexity -MMD -MP -MF"Core/Src/main.d" -MT"Core/Src/main.o" --specs=nano.specs -mfloat-abi=soft -mthumb -o "Core/Src/main.o"
arm-none-eabi-gcc "../Core/Src/stm32c0xx_hal_msp.c" -mcpu=cortex-m0plus -std=gnu11 -g3 -DDEBUG -DUSE_HAL_DRIVER -DSTM32C031xx -c -I../Core/Inc -I"/home/danie/Projects/digital-clock/STM32Nucleo/Drivers/custom_drivers" -I"/home/danie/Projects/digital-clock/STM32Nucleo/Drivers/custom_drivers/Inc" -I"/home/danie/Projects/digital-clock/STM32Nucleo/Drivers/custom_drivers/Src" -I../Drivers/STM32C0xx_HAL_Driver/Inc -I../Drivers/STM32C0xx_HAL_Driver/Inc/Legacy -I../Drivers/CMSIS/Device/ST/STM32C0xx/Include -I../Drivers/CMSIS/Include -O0 -ffunction-sections -fdata-sections -Wall -fstack-usage -fcyclomatic-complexity -MMD -MP -MF"Core/Src/stm32c0xx_hal_msp.d" -MT"Core/Src/stm32c0xx_hal_msp.o" --specs=nano.specs -mfloat-abi=soft -mthumb -o "Core/Src/stm32c0xx_hal_msp.o"
../Core/Src/main.c: In function 'get_time_wifi':
../Core/Src/main.c:149:50: error: 'WIFI_PASSWD' undeclared (first use in this function); did you mean 'WIFI_PASSWORD'?
  149 |         esp8266ex_connect_ap(&huart1, WIFI_SSID, WIFI_PASSWD);
      |                                                  ^~~~~~~~~~~
      |                                                  WIFI_PASSWORD
../Core/Src/main.c:149:50: note: each undeclared identifier is reported only once for each function it appears in
arm-none-eabi-gcc "../Core/Src/stm32c0xx_it.c" -mcpu=cortex-m0plus -std=gnu11 -g3 -DDEBUG -DUSE_HAL_DRIVER -DSTM32C031xx -c -I../Core/Inc -I"/home/danie/Projects/digital-clock/STM32Nucleo/Drivers/custom_drivers" -I"/home/danie/Projects/digital-clock/STM32Nucleo/Drivers/custom_drivers/Inc" -I"/home/danie/Projects/digital-clock/STM32Nucleo/Drivers/custom_drivers/Src" -I../Drivers/STM32C0xx_HAL_Driver/Inc -I../Drivers/STM32C0xx_HAL_Driver/Inc/Legacy -I../Drivers/CMSIS/Device/ST/STM32C0xx/Include -I../Drivers/CMSIS/Include -O0 -ffunction-sections -fdata-sections -Wall -fstack-usage -fcyclomatic-complexity -MMD -MP -MF"Core/Src/stm32c0xx_it.d" -MT"Core/Src/stm32c0xx_it.o" --specs=nano.specs -mfloat-abi=soft -mthumb -o "Core/Src/stm32c0xx_it.o"
make: *** [Core/Src/subdir.mk:31: Core/Src/main.o] Error 1
make: *** Waiting for unfinished jobs....
"make -j12 all" terminated with exit code 2. Build might be incomplete.
00:31:19 **** Incremental Build of configuration Debug for project STM32Nucleo ****
make -j12 all 
arm-none-eabi-gcc "../Core/Src/main.c" -mcpu=cortex-m0plus -std=gnu11 -g3 -DDEBUG -DUSE_HAL_DRIVER -DSTM32C031xx -c -I../Core/Inc -I"/home/danie/Projects/digital-clock/STM32Nucleo/Drivers/custom_drivers" -I"/home/danie/Projects/digital-clock/STM32Nucleo/Drivers/custom_drivers/Inc" -I"/home/danie/Projects/digital-clock/STM32Nucleo/Drivers/custom_drivers/Src" -I../Drivers/STM32C0xx_HAL_Driver/Inc -I../Drivers/STM32C0xx_HAL_Driver/Inc/Legacy -I../Drivers/CMSIS/Device/ST/STM32C0xx/Include -I../Drivers/CMSIS/Include -O0 -ffunction-sections -fdata-sections -Wall -fstack-usage -fcyclomatic-complexity -MMD -MP -MF"Core/Src/main.d" -MT"Core/Src/main.o" --specs=nano.specs -mfloat-abi=soft -mthumb -o "Core/Src/main.o"
arm-none-eabi-gcc "../Core/Src/sysmem.c" -mcpu=cortex-m0plus -std=gnu11 -g3 -DDEBUG -DUSE_HAL_DRIVER -DSTM32C031xx -c -I../Core/Inc -I"/home/danie/Projects/digital-clock/STM32Nucleo/Drivers/custom_drivers" -I"/home/danie/Projects/digital-clock/STM32Nucleo/Drivers/custom_drivers/Inc" -I"/home/danie/Projects/digital-clock/STM32Nucleo/Drivers/custom_drivers/Src" -I../Drivers/STM32C0xx_HAL_Driver/Inc -I../Drivers/STM32C0xx_HAL_Driver/Inc/Legacy -I../Drivers/CMSIS/Device/ST/STM32C0xx/Include -I../Drivers/CMSIS/Include -O0 -ffunction-sections -fdata-sections -Wall -fstack-usage -fcyclomatic-complexity -MMD -MP -MF"Core/Src/sysmem.d" -MT"Core/Src/sysmem.o" --specs=nano.specs -mfloat-abi=soft -mthumb -o "Core/Src/sysmem.o"
arm-none-eabi-gcc "../Core/Src/system_stm32c0xx.c" -mcpu=cortex-m0plus -std=gnu11 -g3 -DDEBUG -DUSE_HAL_DRIVER -DSTM32C031xx -c -I../Core/Inc -I"/home/danie/Projects/digital-clock/STM32Nucleo/Drivers/custom_drivers" -I"/home/danie/Projects/digital-clock/STM32Nucleo/Drivers/custom_drivers/Inc" -I"/home/danie/Projects/digital-clock/STM32Nucleo/Drivers/custom_drivers/Src" -I../Drivers/STM32C0xx_HAL_Driver/Inc -I../Drivers/STM32C0xx_HAL_Driver/Inc/Legacy -I../Drivers/CMSIS/Device/ST/STM32C0xx/Include -I../Drivers/CMSIS/Include -O0 -ffunction-sections -fdata-sections -Wall -fstack-usage -fcyclomatic-complexity -MMD -MP -MF"Core/Src/system_stm32c0xx.d" -MT"Core/Src/system_stm32c0xx.o" --specs=nano.specs -mfloat-abi=soft -mthumb -o "Core/Src/system_stm32c0xx.o"
arm-none-eabi-gcc -o "STM32Nucleo.elf" @"objects.list"   -mcpu=cortex-m0plus -T"/home/danie/Projects/digital-clock/STM32Nucleo/STM32C031C6TX_FLASH.ld" --specs=nosys.specs -Wl,-Map="STM32Nucleo.map" -Wl,--gc-sections -static -specs=rdimon.specs -lc -lrdimon --specs=nano.specs -mfloat-abi=soft -mthumb -Wl,--start-group -lc -lm -Wl,--end-group
Finished building target: STM32Nucleo.elf
 
arm-none-eabi-size  STM32Nucleo.elf 
arm-none-eabi-objdump -h -S STM32Nucleo.elf  > "STM32Nucleo.list"
   text	   data	    bss	    dec	    hex	filename
  25444	    112	   2496	  28052	   6d94	STM32Nucleo.elf
Finished building: default.size.stdout
 
Finished building: STM32Nucleo.list
 
00:31:37 **** Incremental Build of configuration Debug for project STM32Nucleo ****
make -j12 all 
arm-none-eabi-size  STM32Nucleo.elf 
   text	   data	    bss	    dec	    hex	filename
  25444	    112	   2496	  28052	   6d94	STM32Nucleo.elf
Finished building: default.size.stdout
 
00:38:52 **** Incremental Build of configuration Debug for project STM32Nucleo ****
make -j12 all 
arm-none-eabi-gcc "../Drivers/custom_drivers/Src/esp8266_driver.c" -mcpu=cortex-m0plus -std=gnu11 -g3 -DDEBUG -DUSE_HAL_DRIVER -DSTM32C031xx -c -I../Core/Inc -I"/home/danie/Projects/digital-clock/STM32Nucleo/Drivers/custom_drivers" -I"/home/danie/Projects/digital-clock/STM32Nucleo/Drivers/custom_drivers/Inc" -I"/home/danie/Projects/digital-clock/STM32Nucleo/Drivers/custom_drivers/Src" -I../Drivers/STM32C0xx_HAL_Driver/Inc -I../Drivers/STM32C0xx_HAL_Driver/Inc/Legacy -I../Drivers/CMSIS/Device/ST/STM32C0xx/Include -I../Drivers/CMSIS/Include -O0 -ffunction-sections -fdata-sections -Wall -fstack-usage -fcyclomatic-complexity -MMD -MP -MF"Drivers/custom_drivers/Src/esp8266_driver.d" -MT"Drivers/custom_drivers/Src/esp8266_driver.o" --specs=nano.specs -mfloat-abi=soft -mthumb -o "Drivers/custom_drivers/Src/esp8266_driver.o"
arm-none-eabi-gcc -o "STM32Nucleo.elf" @"objects.list"   -mcpu=cortex-m0plus -T"/home/danie/Projects/digital-clock/STM32Nucleo/STM32C031C6TX_FLASH.ld" --specs=nosys.specs -Wl,-Map="STM32Nucleo.map" -Wl,--gc-sections -static -specs=rdimon.specs -lc -lrdimon --specs=nano.specs -mfloat-abi=soft -mthumb -Wl,--start-group -lc -lm -Wl,--end-group
Finished building target: STM32Nucleo.elf
 
arm-none-eabi-size  STM32Nucleo.elf 
arm-none-eabi-objdump -h -S STM32Nucleo.elf  > "STM32Nucleo.list"
   text	   data	    bss	    dec	    hex	filename
  25504	    112	   2496	  28112	   6dd0	STM32Nucleo.elf
Finished building: default.size.stdout
 
Finished building: STM32Nucleo.list
 
00:38:56 **** Incremental Build of configuration Debug for project STM32Nucleo ****
make -j12 all 
arm-none-eabi-size  STM32Nucleo.elf 
   text	   data	    bss	    dec	    hex	filename
  25504	    112	   2496	  28112	   6dd0	STM32Nucleo.elf
Finished building: default.size.stdout
 
00:38:58 **** Incremental Build of configuration Debug for project STM32Nucleo ****
make -j12 all 
arm-none-eabi-size  STM32Nucleo.elf 
   text	   data	    bss	    dec	    hex	filename
  25504	    112	   2496	  28112	   6dd0	STM32Nucleo.elf
Finished building: default.size.stdout
 
00:41:04 **** Incremental Build of configuration Debug for project STM32Nucleo ****
make -j12 all 
arm-none-eabi-gcc "../Drivers/custom_drivers/Src/esp8266_driver.c" -mcpu=cortex-m0plus -std=gnu11 -g3 -DDEBUG -DUSE_HAL_DRIVER -DSTM32C031xx -c -I../Core/Inc -I"/home/danie/Projects/digital-clock/STM32Nucleo/Drivers/custom_drivers" -I"/home/danie/Projects/digital-clock/STM32Nucleo/Drivers/custom_drivers/Inc" -I"/home/danie/Projects/digital-clock/STM32Nucleo/Drivers/custom_drivers/Src" -I../Drivers/STM32C0xx_HAL_Driver/Inc -I../Drivers/STM32C0xx_HAL_Driver/Inc/Legacy -I../Drivers/CMSIS/Device/ST/STM32C0xx/Include -I../Drivers/CMSIS/Include -O0 -ffunction-sections -fdata-sections -Wall -fstack-usage -fcyclomatic-complexity -MMD -MP -MF"Drivers/custom_drivers/Src/esp8266_driver.d" -MT"Drivers/custom_drivers/Src/esp8266_driver.o" --specs=nano.specs -mfloat-abi=soft -mthumb -o "Drivers/custom_drivers/Src/esp8266_driver.o"
arm-none-eabi-gcc "../Core/Src/main.c" -mcpu=cortex-m0plus -std=gnu11 -g3 -DDEBUG -DUSE_HAL_DRIVER -DSTM32C031xx -c -I../Core/Inc -I"/home/danie/Projects/digital-clock/STM32Nucleo/Drivers/custom_drivers" -I"/home/danie/Projects/digital-clock/STM32Nucleo/Drivers/custom_drivers/Inc" -I"/home/danie/Projects/digital-clock/STM32Nucleo/Drivers/custom_drivers/Src" -I../Drivers/STM32C0xx_HAL_Driver/Inc -I../Drivers/STM32C0xx_HAL_Driver/Inc/Legacy -I../Drivers/CMSIS/Device/ST/STM32C0xx/Include -I../Drivers/CMSIS/Include -O0 -ffunction-sections -fdata-sections -Wall -fstack-usage -fcyclomatic-complexity -MMD -MP -MF"Core/Src/main.d" -MT"Core/Src/main.o" --specs=nano.specs -mfloat-abi=soft -mthumb -o "Core/Src/main.o"
arm-none-eabi-gcc -o "STM32Nucleo.elf" @"objects.list"   -mcpu=cortex-m0plus -T"/home/danie/Projects/digital-clock/STM32Nucleo/STM32C031C6TX_FLASH.ld" --specs=nosys.specs -Wl,-Map="STM32Nucleo.map" -Wl,--gc-sections -static -specs=rdimon.specs -lc -lrdimon --specs=nano.specs -mfloat-abi=soft -mthumb -Wl,--start-group -lc -lm -Wl,--end-group
Finished building target: STM32Nucleo.elf
 
arm-none-eabi-size  STM32Nucleo.elf 
arm-none-eabi-objdump -h -S STM32Nucleo.elf  > "STM32Nucleo.list"
   text	   data	    bss	    dec	    hex	filename
  25496	    112	   2496	  28104	   6dc8	STM32Nucleo.elf
Finished building: default.size.stdout
 
Finished building: STM32Nucleo.list
 
00:41:13 **** Incremental Build of configuration Debug for project STM32Nucleo ****
make -j12 all 
arm-none-eabi-size  STM32Nucleo.elf 
   text	   data	    bss	    dec	    hex	filename
  25496	    112	   2496	  28104	   6dc8	STM32Nucleo.elf
Finished building: default.size.stdout
 
00:44:39 **** Incremental Build of configuration Debug for project STM32Nucleo ****
make -j12 all 
arm-none-eabi-gcc "../Core/Src/main.c" -mcpu=cortex-m0plus -std=gnu11 -g3 -DDEBUG -DUSE_HAL_DRIVER -DSTM32C031xx -c -I../Core/Inc -I"/home/danie/Projects/digital-clock/STM32Nucleo/Drivers/custom_drivers" -I"/home/danie/Projects/digital-clock/STM32Nucleo/Drivers/custom_drivers/Inc" -I"/home/danie/Projects/digital-clock/STM32Nucleo/Drivers/custom_drivers/Src" -I../Drivers/STM32C0xx_HAL_Driver/Inc -I../Drivers/STM32C0xx_HAL_Driver/Inc/Legacy -I../Drivers/CMSIS/Device/ST/STM32C0xx/Include -I../Drivers/CMSIS/Include -O0 -ffunction-sections -fdata-sections -Wall -fstack-usage -fcyclomatic-complexity -MMD -MP -MF"Core/Src/main.d" -MT"Core/Src/main.o" --specs=nano.specs -mfloat-abi=soft -mthumb -o "Core/Src/main.o"
arm-none-eabi-gcc -o "STM32Nucleo.elf" @"objects.list"   -mcpu=cortex-m0plus -T"/home/danie/Projects/digital-clock/STM32Nucleo/STM32C031C6TX_FLASH.ld" --specs=nosys.specs -Wl,-Map="STM32Nucleo.map" -Wl,--gc-sections -static -specs=rdimon.specs -lc -lrdimon --specs=nano.specs -mfloat-abi=soft -mthumb -Wl,--start-group -lc -lm -Wl,--end-group
Finished building target: STM32Nucleo.elf
 
arm-none-eabi-size  STM32Nucleo.elf 
arm-none-eabi-objdump -h -S STM32Nucleo.elf  > "STM32Nucleo.list"
   text	   data	    bss	    dec	    hex	filename
  25500	    112	   2496	  28108	   6dcc	STM32Nucleo.elf
Finished building: default.size.stdout
 
Finished building: STM32Nucleo.list
 
00:44:42 **** Incremental Build of configuration Debug for project STM32Nucleo ****
make -j12 all 
arm-none-eabi-size  STM32Nucleo.elf 
   text	   data	    bss	    dec	    hex	filename
  25500	    112	   2496	  28108	   6dcc	STM32Nucleo.elf
Finished building: default.size.stdout
 
00:47:21 **** Incremental Build of configuration Debug for project STM32Nucleo ****
make -j12 all 
arm-none-eabi-gcc "../Core/Src/main.c" -mcpu=cortex-m0plus -std=gnu11 -g3 -DDEBUG -DUSE_HAL_DRIVER -DSTM32C031xx -c -I../Core/Inc -I"/home/danie/Projects/digital-clock/STM32Nucleo/Drivers/custom_drivers" -I"/home/danie/Projects/digital-clock/STM32Nucleo/Drivers/custom_drivers/Inc" -I"/home/danie/Projects/digital-clock/STM32Nucleo/Drivers/custom_drivers/Src" -I../Drivers/STM32C0xx_HAL_Driver/Inc -I../Drivers/STM32C0xx_HAL_Driver/Inc/Legacy -I../Drivers/CMSIS/Device/ST/STM32C0xx/Include -I../Drivers/CMSIS/Include -O0 -ffunction-sections -fdata-sections -Wall -fstack-usage -fcyclomatic-complexity -MMD -MP -MF"Core/Src/main.d" -MT"Core/Src/main.o" --specs=nano.specs -mfloat-abi=soft -mthumb -o "Core/Src/main.o"
arm-none-eabi-gcc -o "STM32Nucleo.elf" @"objects.list"   -mcpu=cortex-m0plus -T"/home/danie/Projects/digital-clock/STM32Nucleo/STM32C031C6TX_FLASH.ld" --specs=nosys.specs -Wl,-Map="STM32Nucleo.map" -Wl,--gc-sections -static -specs=rdimon.specs -lc -lrdimon --specs=nano.specs -mfloat-abi=soft -mthumb -Wl,--start-group -lc -lm -Wl,--end-group
Finished building target: STM32Nucleo.elf
 
arm-none-eabi-size  STM32Nucleo.elf 
arm-none-eabi-objdump -h -S STM32Nucleo.elf  > "STM32Nucleo.list"
   text	   data	    bss	    dec	    hex	filename
  25500	    112	   2496	  28108	   6dcc	STM32Nucleo.elf
Finished building: default.size.stdout
 
Finished building: STM32Nucleo.list
 
00:47:23 **** Incremental Build of configuration Debug for project STM32Nucleo ****
make -j12 all 
arm-none-eabi-size  STM32Nucleo.elf 
   text	   data	    bss	    dec	    hex	filename
  25500	    112	   2496	  28108	   6dcc	STM32Nucleo.elf
Finished building: default.size.stdout
 
00:51:04 **** Incremental Build of configuration Debug for project STM32Nucleo ****
make -j12 all 
arm-none-eabi-gcc "../Drivers/custom_drivers/Src/esp8266_driver.c" -mcpu=cortex-m0plus -std=gnu11 -g3 -DDEBUG -DUSE_HAL_DRIVER -DSTM32C031xx -c -I../Core/Inc -I"/home/danie/Projects/digital-clock/STM32Nucleo/Drivers/custom_drivers" -I"/home/danie/Projects/digital-clock/STM32Nucleo/Drivers/custom_drivers/Inc" -I"/home/danie/Projects/digital-clock/STM32Nucleo/Drivers/custom_drivers/Src" -I../Drivers/STM32C0xx_HAL_Driver/Inc -I../Drivers/STM32C0xx_HAL_Driver/Inc/Legacy -I../Drivers/CMSIS/Device/ST/STM32C0xx/Include -I../Drivers/CMSIS/Include -O0 -ffunction-sections -fdata-sections -Wall -fstack-usage -fcyclomatic-complexity -MMD -MP -MF"Drivers/custom_drivers/Src/esp8266_driver.d" -MT"Drivers/custom_drivers/Src/esp8266_driver.o" --specs=nano.specs -mfloat-abi=soft -mthumb -o "Drivers/custom_drivers/Src/esp8266_driver.o"
arm-none-eabi-gcc -o "STM32Nucleo.elf" @"objects.list"   -mcpu=cortex-m0plus -T"/home/danie/Projects/digital-clock/STM32Nucleo/STM32C031C6TX_FLASH.ld" --specs=nosys.specs -Wl,-Map="STM32Nucleo.map" -Wl,--gc-sections -static -specs=rdimon.specs -lc -lrdimon --specs=nano.specs -mfloat-abi=soft -mthumb -Wl,--start-group -lc -lm -Wl,--end-group
Finished building target: STM32Nucleo.elf
 
arm-none-eabi-size  STM32Nucleo.elf 
arm-none-eabi-objdump -h -S STM32Nucleo.elf  > "STM32Nucleo.list"
   text	   data	    bss	    dec	    hex	filename
  25500	    112	   2496	  28108	   6dcc	STM32Nucleo.elf
Finished building: default.size.stdout
 
Finished building: STM32Nucleo.list
 
00:51:06 **** Incremental Build of configuration Debug for project STM32Nucleo ****
make -j12 all 
arm-none-eabi-size  STM32Nucleo.elf 
   text	   data	    bss	    dec	    hex	filename
  25500	    112	   2496	  28108	   6dcc	STM32Nucleo.elf
Finished building: default.size.stdout
 
00:52:33 **** Incremental Build of configuration Debug for project STM32Nucleo ****
make -j12 all 
arm-none-eabi-gcc "../Drivers/custom_drivers/Src/esp8266_driver.c" -mcpu=cortex-m0plus -std=gnu11 -g3 -DDEBUG -DUSE_HAL_DRIVER -DSTM32C031xx -c -I../Core/Inc -I"/home/danie/Projects/digital-clock/STM32Nucleo/Drivers/custom_drivers" -I"/home/danie/Projects/digital-clock/STM32Nucleo/Drivers/custom_drivers/Inc" -I"/home/danie/Projects/digital-clock/STM32Nucleo/Drivers/custom_drivers/Src" -I../Drivers/STM32C0xx_HAL_Driver/Inc -I../Drivers/STM32C0xx_HAL_Driver/Inc/Legacy -I../Drivers/CMSIS/Device/ST/STM32C0xx/Include -I../Drivers/CMSIS/Include -O0 -ffunction-sections -fdata-sections -Wall -fstack-usage -fcyclomatic-complexity -MMD -MP -MF"Drivers/custom_drivers/Src/esp8266_driver.d" -MT"Drivers/custom_drivers/Src/esp8266_driver.o" --specs=nano.specs -mfloat-abi=soft -mthumb -o "Drivers/custom_drivers/Src/esp8266_driver.o"
arm-none-eabi-gcc "../Core/Src/main.c" -mcpu=cortex-m0plus -std=gnu11 -g3 -DDEBUG -DUSE_HAL_DRIVER -DSTM32C031xx -c -I../Core/Inc -I"/home/danie/Projects/digital-clock/STM32Nucleo/Drivers/custom_drivers" -I"/home/danie/Projects/digital-clock/STM32Nucleo/Drivers/custom_drivers/Inc" -I"/home/danie/Projects/digital-clock/STM32Nucleo/Drivers/custom_drivers/Src" -I../Drivers/STM32C0xx_HAL_Driver/Inc -I../Drivers/STM32C0xx_HAL_Driver/Inc/Legacy -I../Drivers/CMSIS/Device/ST/STM32C0xx/Include -I../Drivers/CMSIS/Include -O0 -ffunction-sections -fdata-sections -Wall -fstack-usage -fcyclomatic-complexity -MMD -MP -MF"Core/Src/main.d" -MT"Core/Src/main.o" --specs=nano.specs -mfloat-abi=soft -mthumb -o "Core/Src/main.o"
arm-none-eabi-gcc -o "STM32Nucleo.elf" @"objects.list"   -mcpu=cortex-m0plus -T"/home/danie/Projects/digital-clock/STM32Nucleo/STM32C031C6TX_FLASH.ld" --specs=nosys.specs -Wl,-Map="STM32Nucleo.map" -Wl,--gc-sections -static -specs=rdimon.specs -lc -lrdimon --specs=nano.specs -mfloat-abi=soft -mthumb -Wl,--start-group -lc -lm -Wl,--end-group
Finished building target: STM32Nucleo.elf
 
arm-none-eabi-size  STM32Nucleo.elf 
arm-none-eabi-objdump -h -S STM32Nucleo.elf  > "STM32Nucleo.list"
   text	   data	    bss	    dec	    hex	filename
  23176	     92	   2316	  25584	   63f0	STM32Nucleo.elf
Finished building: default.size.stdout
 
Finished building: STM32Nucleo.list
 
00:52:35 **** Incremental Build of configuration Debug for project STM32Nucleo ****
make -j12 all 
arm-none-eabi-size  STM32Nucleo.elf 
   text	   data	    bss	    dec	    hex	filename
  23176	     92	   2316	  25584	   63f0	STM32Nucleo.elf
Finished building: default.size.stdout
 
00:53:19 **** Incremental Build of configuration Debug for project STM32Nucleo ****
make -j12 all 
arm-none-eabi-gcc "../Drivers/custom_drivers/Src/esp8266_driver.c" -mcpu=cortex-m0plus -std=gnu11 -g3 -DDEBUG -DUSE_HAL_DRIVER -DSTM32C031xx -c -I../Core/Inc -I"/home/danie/Projects/digital-clock/STM32Nucleo/Drivers/custom_drivers" -I"/home/danie/Projects/digital-clock/STM32Nucleo/Drivers/custom_drivers/Inc" -I"/home/danie/Projects/digital-clock/STM32Nucleo/Drivers/custom_drivers/Src" -I../Drivers/STM32C0xx_HAL_Driver/Inc -I../Drivers/STM32C0xx_HAL_Driver/Inc/Legacy -I../Drivers/CMSIS/Device/ST/STM32C0xx/Include -I../Drivers/CMSIS/Include -O0 -ffunction-sections -fdata-sections -Wall -fstack-usage -fcyclomatic-complexity -MMD -MP -MF"Drivers/custom_drivers/Src/esp8266_driver.d" -MT"Drivers/custom_drivers/Src/esp8266_driver.o" --specs=nano.specs -mfloat-abi=soft -mthumb -o "Drivers/custom_drivers/Src/esp8266_driver.o"
arm-none-eabi-gcc -o "STM32Nucleo.elf" @"objects.list"   -mcpu=cortex-m0plus -T"/home/danie/Projects/digital-clock/STM32Nucleo/STM32C031C6TX_FLASH.ld" --specs=nosys.specs -Wl,-Map="STM32Nucleo.map" -Wl,--gc-sections -static -specs=rdimon.specs -lc -lrdimon --specs=nano.specs -mfloat-abi=soft -mthumb -Wl,--start-group -lc -lm -Wl,--end-group
Finished building target: STM32Nucleo.elf
 
arm-none-eabi-size  STM32Nucleo.elf 
arm-none-eabi-objdump -h -S STM32Nucleo.elf  > "STM32Nucleo.list"
   text	   data	    bss	    dec	    hex	filename
  23172	     92	   2316	  25580	   63ec	STM32Nucleo.elf
Finished building: default.size.stdout
 
Finished building: STM32Nucleo.list
 
00:53:24 **** Incremental Build of configuration Debug for project STM32Nucleo ****
make -j12 all 
arm-none-eabi-size  STM32Nucleo.elf 
   text	   data	    bss	    dec	    hex	filename
  23172	     92	   2316	  25580	   63ec	STM32Nucleo.elf
Finished building: default.size.stdout
 
00:53:58 **** Incremental Build of configuration Debug for project STM32Nucleo ****
make -j12 all 
arm-none-eabi-gcc "../Drivers/custom_drivers/Src/esp8266_driver.c" -mcpu=cortex-m0plus -std=gnu11 -g3 -DDEBUG -DUSE_HAL_DRIVER -DSTM32C031xx -c -I../Core/Inc -I"/home/danie/Projects/digital-clock/STM32Nucleo/Drivers/custom_drivers" -I"/home/danie/Projects/digital-clock/STM32Nucleo/Drivers/custom_drivers/Inc" -I"/home/danie/Projects/digital-clock/STM32Nucleo/Drivers/custom_drivers/Src" -I../Drivers/STM32C0xx_HAL_Driver/Inc -I../Drivers/STM32C0xx_HAL_Driver/Inc/Legacy -I../Drivers/CMSIS/Device/ST/STM32C0xx/Include -I../Drivers/CMSIS/Include -O0 -ffunction-sections -fdata-sections -Wall -fstack-usage -fcyclomatic-complexity -MMD -MP -MF"Drivers/custom_drivers/Src/esp8266_driver.d" -MT"Drivers/custom_drivers/Src/esp8266_driver.o" --specs=nano.specs -mfloat-abi=soft -mthumb -o "Drivers/custom_drivers/Src/esp8266_driver.o"
arm-none-eabi-gcc -o "STM32Nucleo.elf" @"objects.list"   -mcpu=cortex-m0plus -T"/home/danie/Projects/digital-clock/STM32Nucleo/STM32C031C6TX_FLASH.ld" --specs=nosys.specs -Wl,-Map="STM32Nucleo.map" -Wl,--gc-sections -static -specs=rdimon.specs -lc -lrdimon --specs=nano.specs -mfloat-abi=soft -mthumb -Wl,--start-group -lc -lm -Wl,--end-group
Finished building target: STM32Nucleo.elf
 
arm-none-eabi-size  STM32Nucleo.elf 
arm-none-eabi-objdump -h -S STM32Nucleo.elf  > "STM32Nucleo.list"
   text	   data	    bss	    dec	    hex	filename
  23172	     92	   2316	  25580	   63ec	STM32Nucleo.elf
Finished building: default.size.stdout
 
Finished building: STM32Nucleo.list
 
00:55:02 **** Incremental Build of configuration Debug for project STM32Nucleo ****
make -j12 all 
arm-none-eabi-gcc "../Core/Src/main.c" -mcpu=cortex-m0plus -std=gnu11 -g3 -DDEBUG -DUSE_HAL_DRIVER -DSTM32C031xx -c -I../Core/Inc -I"/home/danie/Projects/digital-clock/STM32Nucleo/Drivers/custom_drivers" -I"/home/danie/Projects/digital-clock/STM32Nucleo/Drivers/custom_drivers/Inc" -I"/home/danie/Projects/digital-clock/STM32Nucleo/Drivers/custom_drivers/Src" -I../Drivers/STM32C0xx_HAL_Driver/Inc -I../Drivers/STM32C0xx_HAL_Driver/Inc/Legacy -I../Drivers/CMSIS/Device/ST/STM32C0xx/Include -I../Drivers/CMSIS/Include -O0 -ffunction-sections -fdata-sections -Wall -fstack-usage -fcyclomatic-complexity -MMD -MP -MF"Core/Src/main.d" -MT"Core/Src/main.o" --specs=nano.specs -mfloat-abi=soft -mthumb -o "Core/Src/main.o"
arm-none-eabi-gcc -o "STM32Nucleo.elf" @"objects.list"   -mcpu=cortex-m0plus -T"/home/danie/Projects/digital-clock/STM32Nucleo/STM32C031C6TX_FLASH.ld" --specs=nosys.specs -Wl,-Map="STM32Nucleo.map" -Wl,--gc-sections -static -specs=rdimon.specs -lc -lrdimon --specs=nano.specs -mfloat-abi=soft -mthumb -Wl,--start-group -lc -lm -Wl,--end-group
Finished building target: STM32Nucleo.elf
 
arm-none-eabi-size  STM32Nucleo.elf 
arm-none-eabi-objdump -h -S STM32Nucleo.elf  > "STM32Nucleo.list"
   text	   data	    bss	    dec	    hex	filename
  23188	     92	   2316	  25596	   63fc	STM32Nucleo.elf
Finished building: default.size.stdout
 
Finished building: STM32Nucleo.list
 
00:55:04 **** Incremental Build of configuration Debug for project STM32Nucleo ****
make -j12 all 
arm-none-eabi-size  STM32Nucleo.elf 
   text	   data	    bss	    dec	    hex	filename
  23188	     92	   2316	  25596	   63fc	STM32Nucleo.elf
Finished building: default.size.stdout
 
00:56:01 **** Incremental Build of configuration Debug for project STM32Nucleo ****
make -j12 all 
arm-none-eabi-gcc "../Core/Src/main.c" -mcpu=cortex-m0plus -std=gnu11 -g3 -DDEBUG -DUSE_HAL_DRIVER -DSTM32C031xx -c -I../Core/Inc -I"/home/danie/Projects/digital-clock/STM32Nucleo/Drivers/custom_drivers" -I"/home/danie/Projects/digital-clock/STM32Nucleo/Drivers/custom_drivers/Inc" -I"/home/danie/Projects/digital-clock/STM32Nucleo/Drivers/custom_drivers/Src" -I../Drivers/STM32C0xx_HAL_Driver/Inc -I../Drivers/STM32C0xx_HAL_Driver/Inc/Legacy -I../Drivers/CMSIS/Device/ST/STM32C0xx/Include -I../Drivers/CMSIS/Include -O0 -ffunction-sections -fdata-sections -Wall -fstack-usage -fcyclomatic-complexity -MMD -MP -MF"Core/Src/main.d" -MT"Core/Src/main.o" --specs=nano.specs -mfloat-abi=soft -mthumb -o "Core/Src/main.o"
arm-none-eabi-gcc -o "STM32Nucleo.elf" @"objects.list"   -mcpu=cortex-m0plus -T"/home/danie/Projects/digital-clock/STM32Nucleo/STM32C031C6TX_FLASH.ld" --specs=nosys.specs -Wl,-Map="STM32Nucleo.map" -Wl,--gc-sections -static -specs=rdimon.specs -lc -lrdimon --specs=nano.specs -mfloat-abi=soft -mthumb -Wl,--start-group -lc -lm -Wl,--end-group
Finished building target: STM32Nucleo.elf
 
arm-none-eabi-size  STM32Nucleo.elf 
arm-none-eabi-objdump -h -S STM32Nucleo.elf  > "STM32Nucleo.list"
   text	   data	    bss	    dec	    hex	filename
  23168	     92	   2316	  25576	   63e8	STM32Nucleo.elf
Finished building: default.size.stdout
 
Finished building: STM32Nucleo.list
 
00:56:03 **** Incremental Build of configuration Debug for project STM32Nucleo ****
make -j12 all 
arm-none-eabi-size  STM32Nucleo.elf 
   text	   data	    bss	    dec	    hex	filename
  23168	     92	   2316	  25576	   63e8	STM32Nucleo.elf
Finished building: default.size.stdout
 
