../Drivers/custom_drivers/Src/esp8266_driver.c:12:17:atoi_n	24	static
../Drivers/custom_drivers/Src/esp8266_driver.c:22:6:parse_datetime	24	static
../Drivers/custom_drivers/Src/esp8266_driver.c:42:14:parse_time_response	112	static
../Drivers/custom_drivers/Src/esp8266_driver.c:85:6:esp8266ex_send_command	32	static
../Drivers/custom_drivers/Src/esp8266_driver.c:94:6:esp8266ex_list_available_aps	288	static
../Drivers/custom_drivers/Src/esp8266_driver.c:103:6:esp8266ex_wifi_mode	296	static
../Drivers/custom_drivers/Src/esp8266_driver.c:129:6:esp8266ex_connect_ap	552	static
../Drivers/custom_drivers/Src/esp8266_driver.c:142:6:esp8266ex_dns_resolve	544	static
../Drivers/custom_drivers/Src/esp8266_driver.c:155:6:esp8266ex_cipstart	552	static
../Drivers/custom_drivers/Src/esp8266_driver.c:168:6:esp8266ex_get_req	336	static
../Drivers/custom_drivers/Src/esp8266_driver.c:191:7:esp8266ex_get_time	1056	static
../Drivers/custom_drivers/Src/esp8266_driver.c:199:6:esp8266ex_firmware_version	288	static
../Drivers/custom_drivers/Src/esp8266_driver.c:206:6:esp8266ex_get_ip_address	288	static
