../Drivers/custom_drivers/Src/esp8266_driver.c:13:17:atoi_n	24	static
../Drivers/custom_drivers/Src/esp8266_driver.c:23:6:parse_datetime	24	static
../Drivers/custom_drivers/Src/esp8266_driver.c:43:14:parse_time_response	112	static
../Drivers/custom_drivers/Src/esp8266_driver.c:86:16:parse_weather_response	64	static
../Drivers/custom_drivers/Src/esp8266_driver.c:118:6:esp8266ex_send_command	32	static
../Drivers/custom_drivers/Src/esp8266_driver.c:127:6:esp8266ex_list_available_aps	288	static
../Drivers/custom_drivers/Src/esp8266_driver.c:136:6:esp8266ex_wifi_mode	296	static
../Drivers/custom_drivers/Src/esp8266_driver.c:162:6:esp8266ex_connect_ap	552	static
../Drivers/custom_drivers/Src/esp8266_driver.c:175:6:esp8266ex_dns_resolve	544	static
../Drivers/custom_drivers/Src/esp8266_driver.c:188:6:esp8266ex_cipstart	552	static
../Drivers/custom_drivers/Src/esp8266_driver.c:201:6:esp8266ex_get_req	336	static
../Drivers/custom_drivers/Src/esp8266_driver.c:225:7:esp8266ex_get_time	1056	static
../Drivers/custom_drivers/Src/esp8266_driver.c:233:9:esp8266ex_get_weather	560	static
../Drivers/custom_drivers/Src/esp8266_driver.c:244:6:esp8266ex_firmware_version	288	static
../Drivers/custom_drivers/Src/esp8266_driver.c:251:6:esp8266ex_get_ip_address	288	static
